// Jest Snapshot v1, https://goo.gl/fbAQLP

exports[`Validate Against Bug Fixes validate ../src/sample.go 1`] = `
[
  {
    "isFlagged": false,
    "isFound": false,
    "line": {
      "offset": 265,
      "text": "	longname(i)
",
    },
    "offset": 266,
    "text": "longname",
  },
  {
    "isFlagged": false,
    "isFound": false,
    "line": {
      "offset": 344,
      "text": "func longname(i I) {
",
    },
    "offset": 349,
    "text": "longname",
  },
  {
    "isFlagged": false,
    "isFound": false,
    "line": {
      "offset": 400,
      "text": "/* Deliberate misspelling: garbbage. */
",
    },
    "offset": 427,
    "text": "garbbage",
  },
]
`;

exports[`Validate Against Bug Fixes validate bug345.ts 1`] = `[]`;
