// Vitest Snapshot v1

exports[`index > API 1`] = `
[
  "Dispatcher => undefined",
  "ServiceBus => function",
  "ServiceRequestCls => function",
  "ServiceResponse => undefined",
  "createIsRequestHandler => function",
  "createRequestHandler => function",
  "createResponse => function",
  "createResponseFail => function",
  "createServiceBus => function",
  "isServiceResponseFailure => function",
  "isServiceResponseSuccess => function",
  "requestFactory => function",
]
`;
