// Jest Snapshot v1, https://goo.gl/fbAQLP

exports[`Validate that the types build Make sure exports do not change. 1`] = `
Array [
  "ConfigFields",
  "MessageTypes",
]
`;
