// Jest Snapshot v1, https://goo.gl/fbAQLP

exports[`Validate index.ts Track changes to the API. 1`] = `
Array [
  "CASE_INSENSITIVE_PREFIX",
  "COMPOUND",
  "COMPOUND_FIX",
  "ChildMap",
  "CompoundWordsMethod",
  "FLAG_WORD",
  "FORBID",
  "FORBID_PREFIX",
  "JOIN_SEPARATOR",
  "NORMALIZED",
  "OPTIONAL_COMPOUND",
  "OPTIONAL_COMPOUND_FIX",
  "Trie",
  "TrieBuilder",
  "WORD_SEPARATOR",
  "buildTrie",
  "buildTrieFast",
  "consolidate",
  "countNodes",
  "countWords",
  "createTriFromList",
  "createTrieRoot",
  "createWeightedMap",
  "defaultTrieOptions",
  "editDistance",
  "editDistanceWeighted",
  "findNode",
  "has",
  "hintedWalker",
  "impersonateCollector",
  "importTrie",
  "insert",
  "isCircular",
  "isDefined",
  "isWordTerminationNode",
  "iterateTrie",
  "iteratorTrieWords",
  "mapDictionaryInformationToWeightMap",
  "mergeDefaults",
  "mergeOptionalWithDefaults",
  "normalizeWord",
  "normalizeWordForCaseInsensitive",
  "normalizeWordToLowercase",
  "orderTrie",
  "parseDictionary",
  "parseDictionaryLines",
  "serializeTrie",
  "suggestionCollector",
  "trieNodeToRoot",
  "walk",
  "walker",
]
`;
