// Vitest Snapshot v1, https://vitest.dev/guide/snapshot.html

exports[`setToJSONReplacer > converts Set to Array 1`] = `"{"foo":["foo","bar",123]}"`;

exports[`setToJSONReplacer > ignores other values 1`] = `"{"123":"1","foo":"bar","obj":{"key":"value"},"array":[1,2,3]}"`;
