// Vitest Snapshot v1, https://vitest.dev/guide/snapshot.html

exports[`Flatpack > Flatpack diff 'string', 'string + more' 1`] = `
"Index: data
===================================================================
--- data
+++ data
@@ -1,4 +1,4 @@
 [
 "Dehydrated JSON v1",
-"string"
+"string + more"
 ]
"
`;

exports[`Flatpack > Flatpack diff 'string', 'string' 1`] = `
"Index: data
===================================================================
--- data
+++ data
"
`;

exports[`Flatpack > Flatpack diff [ 'a', 'b', 'a', 'b' ], [ 'a', 'b', 'a', 'b', 'c' ] 1`] = `
"Index: data
===================================================================
--- data
+++ data
@@ -1,6 +1,7 @@
 [
 "Dehydrated JSON v1",
-[0,2,3,2,3],
+[0,2,3,2,3,4],
 "a",
-"b"
+"b",
+"c"
 ]
"
`;

exports[`Flatpack > Flatpack diff [ 'a', 'b', 'a', 'b', 'c' ], [ 'a' ] 1`] = `
"Index: data
===================================================================
--- data
+++ data
@@ -1,7 +1,5 @@
 [
 "Dehydrated JSON v1",
-[0,2,3,2,3,4],
-"a",
-"b",
-"c"
+[0,2],
+"a"
 ]
"
`;

exports[`Flatpack > Flatpack diff [ 'api/api.d.ts', 'dist/esm/Cache/cspell.cache.d.ts', …(18) ], [ 'api/api.d.ts', 'dist/esm/Cache/cspell.cache.d.ts', …(13) ] 1`] = `
"Index: data
===================================================================
--- data
+++ data
@@ -1,7 +1,7 @@
 [
 "Dehydrated JSON v1",
-[0,2,3,4,7,10,12,15,17,20,22,24,26,28,31,33,35,37,39,42,44],
+[0,2,3,4,7,10,12,15,17,20,22,35,37,39,42,44],
 "api/api.d.ts",
 "dist/esm/Cache/cspell.cache.d.ts",
 [2,5,6],
 [3,3,28],
@@ -22,17 +22,9 @@
 [2,21,6],
 [3,17,30],
 [2,16,23],
 "normalizeLanguageIds.d.ts",
-[2,16,25],
-"resolveDocument.d.ts",
-[2,13,27],
-"FeatureFlags/FeatureFalgs.test.d.ts",
-[2,29,30],
-[3,26,30],
-"lags.d.ts",
-[2,32,9],
-[3,26,22],
+0,0,0,0,0,0,0,0,0,
 [2,13,34],
 [3,23,16,9],
 [2,36,6],
 [3,33,21],
"
`;

exports[`Flatpack > Flatpack diff [ 'api/api.d.ts', 'dist/esm/Cache/cspell.cache.d.ts', …(18) ], [ 'api/api.d.ts', 'dist/esm/Cache/cspell.cache.d.ts', …(18) ] 1`] = `
"Index: data
===================================================================
--- data
+++ data
@@ -1,7 +1,7 @@
 [
 "Dehydrated JSON v1",
-[0,2,3,4,7,10,12,15,17,20,22,24,26,28,31,33,35,37,39,42,44],
+[0,2,3,4,7,10,12,15,17,20,22,35,37,39,42,44,24,26,28,31,33],
 "api/api.d.ts",
 "dist/esm/Cache/cspell.cache.d.ts",
 [2,5,6],
 [3,3,28],
"
`;

exports[`Flatpack > Flatpack diff { a: [ 1 ] }, { a: [ 1, 2, 3 ] } 1`] = `
"Index: data
===================================================================
--- data
+++ data
@@ -3,7 +3,9 @@
 [1,2,4],
 [0,3],
 "a",
 [0,5],
-[0,6],
-1
+[0,6,7,8],
+1,
+2,
+3
 ]
"
`;

exports[`Flatpack > Flatpack diff { a: { a: 'a', b: 42 } }, { a: { a: 'a', b: 42 }, b: 42 } 1`] = `
"Index: data
===================================================================
--- data
+++ data
@@ -1,10 +1,10 @@
 [
 "Dehydrated JSON v1",
-[1,2,4],
-[0,3],
+[1,6,2],
+[0,5,9],
 "a",
-[0,5],
+0,
 [1,6,8],
 [0,3,7],
 "b",
 [0,3,9],
"
`;

exports[`Flatpack > Flatpack diff { a: { b: 1 } }, { a: { b: 1 }, b: { a: 1 } } 1`] = `
"Index: data
===================================================================
--- data
+++ data
@@ -1,12 +1,14 @@
 [
 "Dehydrated JSON v1",
-[1,2,4],
+[1,4,10],
 [0,3],
 "a",
-[0,5],
+[0,3,7],
 [1,6,8],
 [0,7],
 "b",
 [0,9],
-1
+1,
+[0,5,11],
+[1,2,8]
 ]
"
`;

exports[`Flatpack > Flatpack diff { a: 1 }, { a: 1, b: 1 } 1`] = `
"Index: data
===================================================================
--- data
+++ data
@@ -1,8 +1,9 @@
 [
 "Dehydrated JSON v1",
-[1,2,4],
-[0,3],
+[1,2,6],
+[0,3,4],
 "a",
-[0,5],
-1
+"b",
+1,
+[0,5,5]
 ]
"
`;

exports[`Flatpack > Flatpack diff {}, { a: 'a' } 1`] = `
"Index: data
===================================================================
--- data
+++ data
@@ -1,4 +1,6 @@
 [
 "Dehydrated JSON v1",
-[1,0,0]
+[1,2,2],
+[0,3],
+"a"
 ]
"
`;

exports[`Flatpack > Flatpack diff undefined, undefined 1`] = `
"Index: data
===================================================================
--- data
+++ data
"
`;

exports[`Flatpack > dehydrate 'string' undefined 1`] = `
[
  "Dehydrated JSON v1",
  "string",
]
`;

exports[`Flatpack > dehydrate /[\\p{L}\\p{M}]+/gu undefined 1`] = `
[
  "Dehydrated JSON v1",
  [
    6,
    2,
    3,
  ],
  "[\\p{L}\\p{M}]+",
  "gu",
]
`;

exports[`Flatpack > dehydrate [ 'apple pie', 'apple', 'banana', 'apple-banana' ] undefined 1`] = `
[
  "Dehydrated JSON v1",
  [
    0,
    2,
    3,
    4,
    5,
  ],
  "apple pie",
  "apple",
  "banana",
  "apple-banana",
]
`;

exports[`Flatpack > dehydrate [ 'apple', 'banana', 'apple', 'banana', 'apple', 'pineapple' ] undefined 1`] = `
[
  "Dehydrated JSON v1",
  [
    0,
    2,
    3,
    2,
    3,
    2,
    4,
  ],
  "apple",
  "banana",
  "pineapple",
]
`;

exports[`Flatpack > dehydrate [ /[\\p{L}\\p{M}]+/gu, /[\\p{L}\\p{M}]+/gu, /[\\p{Lu}\\p{M}]+/gu ] undefined 1`] = `
[
  "Dehydrated JSON v1",
  [
    0,
    2,
    5,
    6,
  ],
  [
    6,
    3,
    4,
  ],
  "[\\p{L}\\p{M}]+",
  "gu",
  [
    6,
    3,
    4,
  ],
  [
    6,
    7,
    4,
  ],
  "[\\p{Lu}\\p{M}]+",
]
`;

exports[`Flatpack > dehydrate [ { a: 'a', b: 'b' }, { a: 'a', b: 'b' }, { a: 'a', b: 'b' }, …(1) ] { dedupe: false } 1`] = `
[
  "Dehydrated JSON v1",
  [
    0,
    2,
    6,
    7,
    8,
  ],
  [
    1,
    3,
    3,
  ],
  [
    0,
    4,
    5,
  ],
  "a",
  "b",
  [
    1,
    3,
    3,
  ],
  [
    1,
    3,
    3,
  ],
  [
    1,
    3,
    3,
  ],
]
`;

exports[`Flatpack > dehydrate [ { a: 'a', b: 'b' }, { a: 'c', b: 'd' }, { b: 'b', a: 'a' }, …(2) ] undefined 1`] = `
[
  "Dehydrated JSON v1",
  [
    0,
    2,
    6,
    2,
    3,
    7,
  ],
  [
    1,
    3,
    3,
  ],
  [
    0,
    4,
    5,
  ],
  "a",
  "b",
  [
    1,
    3,
    7,
  ],
  [
    0,
    8,
    9,
  ],
  "c",
  "d",
]
`;

exports[`Flatpack > dehydrate [ {}, {}, {} ] undefined 1`] = `
[
  "Dehydrated JSON v1",
  [
    0,
    2,
    2,
    2,
  ],
  [
    1,
    0,
    0,
  ],
]
`;

exports[`Flatpack > dehydrate [ 1, 2 ] undefined 1`] = `
[
  "Dehydrated JSON v1",
  [
    0,
    2,
    3,
  ],
  1,
  2,
]
`;

exports[`Flatpack > dehydrate [ 1n, 'hello', /\\w+/g, {}, [], 'hello' ] undefined 1`] = `
[
  "Dehydrated JSON v1",
  [
    0,
    2,
    5,
    7,
    10,
    11,
    12,
  ],
  [
    1,
    0,
    3,
  ],
  [
    8,
    4,
  ],
  1,
  [
    1,
    0,
    6,
  ],
  "hello",
  [
    6,
    8,
    9,
  ],
  "\\w+",
  "g",
  [
    1,
    0,
    0,
  ],
  [
    0,
  ],
  [
    1,
    0,
    6,
  ],
]
`;

exports[`Flatpack > dehydrate [ 1n, 2n, 1n, 2n, 9007199254740991n, -9007199254740991n, …(2) ] undefined 1`] = `
[
  "Dehydrated JSON v1",
  [
    0,
    2,
    4,
    2,
    4,
    6,
    8,
    10,
    12,
  ],
  [
    8,
    3,
  ],
  1,
  [
    8,
    5,
  ],
  2,
  [
    8,
    7,
  ],
  9007199254740991,
  [
    8,
    9,
  ],
  -9007199254740991,
  [
    8,
    11,
  ],
  "9007199254740992",
  [
    8,
    13,
  ],
  [
    2,
    14,
    11,
  ],
  "-",
]
`;

exports[`Flatpack > dehydrate [ Array(3) ] undefined 1`] = `
[
  "Dehydrated JSON v1",
  [
    0,
    2,
    3,
    4,
  ],
  [
    7,
    1704067200000,
  ],
  [
    7,
    1704067200000,
  ],
  [
    7,
    1704153600000,
  ],
]
`;

exports[`Flatpack > dehydrate [ Map{ 'a' => 1, 'b' => 2, 'p' => 3 }, Map{ 'a' => 1, 'b' => 2, 'p' => 3 } ] undefined 1`] = `
[
  "Dehydrated JSON v1",
  [
    0,
    2,
    2,
  ],
  [
    5,
    3,
    7,
  ],
  [
    0,
    4,
    5,
    6,
  ],
  "a",
  "b",
  "p",
  [
    0,
    8,
    9,
    10,
  ],
  1,
  2,
  3,
]
`;

exports[`Flatpack > dehydrate [ Set{ 'a', 'b', 'c' }, Set{ 'a', 'b', 'c' }, Set{ 'a', 'b', 'c' } ] undefined 1`] = `
[
  "Dehydrated JSON v1",
  [
    0,
    2,
    2,
    2,
  ],
  [
    4,
    3,
  ],
  [
    0,
    4,
    5,
    6,
  ],
  "a",
  "b",
  "c",
]
`;

exports[`Flatpack > dehydrate [] undefined 1`] = `
[
  "Dehydrated JSON v1",
  [
    0,
  ],
]
`;

exports[`Flatpack > dehydrate { a: [ 1 ] } undefined 1`] = `
[
  "Dehydrated JSON v1",
  [
    1,
    2,
    4,
  ],
  [
    0,
    3,
  ],
  "a",
  [
    0,
    5,
  ],
  [
    0,
    6,
  ],
  1,
]
`;

exports[`Flatpack > dehydrate { a: { a: 'a', b: 'b' }, b: { a: 'c', b: 'd' }, …(11) } undefined 1`] = `
[
  "Dehydrated JSON v1",
  [
    1,
    2,
    16,
  ],
  [
    0,
    3,
    4,
    5,
    6,
    7,
    8,
    9,
    10,
    11,
    12,
    13,
    14,
    15,
  ],
  "a",
  "b",
  "cValues",
  "m",
  "mm",
  "n",
  "nn",
  "nnn",
  "r",
  "rValues",
  "s",
  "ss",
  "values",
  [
    0,
    17,
    19,
    23,
    27,
    27,
    28,
    28,
    28,
    29,
    37,
    38,
    38,
    23,
  ],
  [
    1,
    18,
    18,
  ],
  [
    0,
    3,
    4,
  ],
  [
    1,
    18,
    20,
  ],
  [
    0,
    21,
    22,
  ],
  "c",
  "d",
  [
    0,
    24,
    25,
    26,
  ],
  "apple",
  "banana",
  "pineapple",
  [
    5,
    18,
    18,
  ],
  [
    0,
    17,
    19,
    17,
    18,
    20,
    29,
    32,
  ],
  [
    6,
    30,
    31,
  ],
  "[\\p{L}\\p{M}]+",
  "gu",
  [
    1,
    33,
    35,
  ],
  [
    0,
    11,
    34,
  ],
  "rr",
  [
    0,
    29,
    36,
  ],
  [
    6,
    30,
    31,
  ],
  [
    0,
    26,
    25,
    24,
  ],
  [
    4,
    39,
  ],
  [
    0,
    17,
    19,
    40,
    18,
    20,
    29,
    32,
  ],
  [
    1,
    18,
    18,
  ],
]
`;

exports[`Flatpack > dehydrate { a: { a: 'a', b: 42 } } undefined 1`] = `
[
  "Dehydrated JSON v1",
  [
    1,
    2,
    4,
  ],
  [
    0,
    3,
  ],
  "a",
  [
    0,
    5,
  ],
  [
    1,
    6,
    8,
  ],
  [
    0,
    3,
    7,
  ],
  "b",
  [
    0,
    3,
    9,
  ],
  42,
]
`;

exports[`Flatpack > dehydrate { a: { b: 1 } } undefined 1`] = `
[
  "Dehydrated JSON v1",
  [
    1,
    2,
    4,
  ],
  [
    0,
    3,
  ],
  "a",
  [
    0,
    5,
  ],
  [
    1,
    6,
    8,
  ],
  [
    0,
    7,
  ],
  "b",
  [
    0,
    9,
  ],
  1,
]
`;

exports[`Flatpack > dehydrate { a: 1 } undefined 1`] = `
[
  "Dehydrated JSON v1",
  [
    1,
    2,
    4,
  ],
  [
    0,
    3,
  ],
  "a",
  [
    0,
    5,
  ],
  1,
]
`;

exports[`Flatpack > dehydrate { fruit: [ 'apple', 'banana', 'apple', 'banana', 'apple', 'pineapple' ], …(2) } undefined 1`] = `
[
  "Dehydrated JSON v1",
  [
    1,
    2,
    6,
  ],
  [
    0,
    3,
    4,
    5,
  ],
  "fruit",
  "joinFruit",
  "sentence",
  [
    0,
    7,
    11,
    12,
  ],
  [
    0,
    8,
    9,
    8,
    9,
    8,
    10,
  ],
  "apple",
  "banana",
  "pineapple",
  "apple-banana-apple-banana-apple-pineapple",
  "There is a bit of fruit on the table. Some banana, apple, and pineapple.",
]
`;

exports[`Flatpack > dehydrate { values: [ 'apple', 'banana', 'pineapple' ], …(1) } undefined 1`] = `
[
  "Dehydrated JSON v1",
  [
    1,
    2,
    5,
  ],
  [
    0,
    3,
    4,
  ],
  "set",
  "values",
  [
    0,
    6,
    7,
  ],
  [
    4,
    7,
  ],
  [
    0,
    8,
    9,
    10,
  ],
  "apple",
  "banana",
  "pineapple",
]
`;

exports[`Flatpack > dehydrate {} undefined 1`] = `
[
  "Dehydrated JSON v1",
  [
    1,
    0,
    0,
  ],
]
`;

exports[`Flatpack > dehydrate 1 undefined 1`] = `
[
  "Dehydrated JSON v1",
  1,
]
`;

exports[`Flatpack > dehydrate 1.1 undefined 1`] = `
[
  "Dehydrated JSON v1",
  1.1,
]
`;

exports[`Flatpack > dehydrate Map{ 'apple' => 1, 'banana' => 2, 'pineapple' => 3 } undefined 1`] = `
[
  "Dehydrated JSON v1",
  [
    5,
    2,
    6,
  ],
  [
    0,
    3,
    4,
    5,
  ],
  "apple",
  "banana",
  "pineapple",
  [
    0,
    7,
    8,
    9,
  ],
  1,
  2,
  3,
]
`;

exports[`Flatpack > dehydrate Set{ 'apple', 'banana', 'pineapple' } undefined 1`] = `
[
  "Dehydrated JSON v1",
  [
    4,
    2,
  ],
  [
    0,
    3,
    4,
    5,
  ],
  "apple",
  "banana",
  "pineapple",
]
`;

exports[`Flatpack > dehydrate Set{ 'pineapple', 'apple', 'banana' } undefined 1`] = `
[
  "Dehydrated JSON v1",
  [
    4,
    2,
  ],
  [
    0,
    3,
    4,
    5,
  ],
  "pineapple",
  "apple",
  "banana",
]
`;

exports[`Flatpack > dehydrate false undefined 1`] = `
[
  "Dehydrated JSON v1",
  false,
]
`;

exports[`Flatpack > dehydrate null undefined 1`] = `
[
  "Dehydrated JSON v1",
  null,
]
`;

exports[`Flatpack > dehydrate true undefined 1`] = `
[
  "Dehydrated JSON v1",
  true,
]
`;

exports[`Flatpack > dehydrate undefined undefined 1`] = `
[
  "Dehydrated JSON v1",
]
`;
