["Dehydrated JSON v1",[0,2,3,4,7,10,12,15,17,20,22,24,26,28,31,33,35,37,39,42,44,46,48,50,52,55,57,59,62,64,67,72,74,77,80,82,84,86,88,90,94,96,97,101,103,105,108,110,113,114,116,118,121,123,126,128,130,132,134,136,138,140,143,145,147,149,152,154,156,159,161,163,165,166,169,170,172,174,176,179,181,183,186,188,191,193,195,198,200,203,206,209,211,214,216,218,220,222,223,225,227,229,231,233,236,238,240,242,245,248,249,251,253,257,259,261,263,265,267,272,274,278,281,283,285,288,290,292,295,298,301,303,307,310,312,315,317,318,321,323,325,327,329,331,333,335,337,340,342,344,346,350,352,354,356,359,361,364,366,368,370,372,374,376,378,380,384,386,389,392,393,395,397,399,401,405,407,410,412,415,417,419,421,423,425,427,429,432,434,438,441,443,445,447,449,451,454,456,458,460,463,465,468,470,472,474,476,479,481,483,485,486,491,493,496,498,500,502,504,506,508,510,511,512,513,515,517,518,520,521,523,525,526,527,529,530,532,533,535,537,539,541,543,545,547,549,551,552,554,555,557,559,560,561,562,564,565,567,568,570,571,572,574,576,578,580,582,584,586,587,589,590,592,593,595,596,598,599,601,602,604,606,607,608,609,611,612,614,615,617,619,620,622,624,626,628,630,632,634,636,638,640,642,644,646,647,649,650,652,653,654,656,657,659,661,663,665,666,667,669,671,672,674,675,677,679,680,682,683,685,687,689,690,692,693,694,696,697,698,700,702,704,706,707,709,711,713,715,716,718,720,721,723,724,726,727,728,730,732,734,735,737,739,741,742,744,746,748,750,752,753,755,756,757,759,760,762,763,765,767,769,770,771,773,774,776,777,779,781,783,785,787,788,790,791,793,794,796,798,800,801,803,805,806,808,809,811,813,815,816,818,820,822,825,826,828,830,831,833,835,837,838,840,841,842,843,845,846,849,852,856,858,861,862,865,871,873,877,881,885,887,890,893,896,900,902,905,907,910,914,916,919,922,924,927,931,934,936,940,942,946,950,952,956,960,962,965,967,970,972,976,979,980,983,985,988,992,995,999,1000,1003,1005,1009,1011,1015,1017,1022,1024,1027,1029,1032,1034,1037,1039,1042,1044,1047,1049,1052,1056,1058,1061,1064,1068,1070,1073,1075,1078,1080,1084,1087,1089,1093,1095,1099,1101,1103,1107,1109,1113,1117,1121,1123,1127,1130,1132,1135,1137,1138,1141,1143,1146,1148,1150,1154,1156,1159,1162,1166,1170,1171,1173,1175,1177,1180,1184,1186,1189,1191,1194,1196,1200,1202,1205,1209,1212,1215,1219,1222,1225,1229,1233,1237,1239,1242,1246,1248,1252,1254,1255,1259,1261,1264,1266,1269,1271,1274,1277,1279,1283,1285,1288,1290,1294,1296,1299,1301,1305,1307,1311,1313,1316,1318,1321,1324,1326,1329,1331,1334,1336,1342,1344,1346,1349,1351,1354,1356,1359,1361,1365,1367,1371,1373,1376,1378,1381,1383,1386,1388,1392,1394,1397,1401,1403,1406,1408,1411,1413,1417,1419,1422,1424,1427,1429,1433,1436,1438,1440,1443,1445,1449,1451,1456,1458,1460,1463,1466,1468],"api/api.d.ts","dist/esm/Cache/cspell.cache.d.ts",[2,5,6],[3,3,28],"test.d.ts",[2,8,9],[3,3,15],"index.d.ts",[2,11,6],[3,7,21],[2,13,14],[3,3,9],"Document/Document.d.ts",[2,16,9],[3,12,18],[2,18,19],[3,15,19],"sBinaryDoc.d.ts",[2,21,6],[3,17,30],[2,16,23],"normalizeLanguageIds.d.ts",[2,16,25],"resolveDocument.d.ts",[2,13,27],"FeatureFlags/FeatureFalgs.test.d.ts",[2,29,30],[3,26,30],"lags.d.ts",[2,32,9],[3,26,22],[2,13,34],"LanguageIds.d.ts",[2,36,6],[3,33,21],[2,13,38],"Models/CSpellSettingsInternalDef.d.ts",[2,40,41],[3,37,16],"PatternRegExp.d.ts",[2,43,6],[3,39,30],[2,40,45],"Suggestion.d.ts",[2,40,47],"TextDocument.d.ts",[2,49,6],[3,46,29],[2,40,51],"ValidationIssue.d.ts",[2,53,54],[3,50,26],"Result.d.ts",[2,13,56],"Settings/CSpellSettingsServer.d.ts",[2,58,6],[3,55,39],[2,60,61],[3,55,19],"ontroller/ImportError.d.ts",[2,63,6],[3,59,41],[2,65,66],[3,59,29],"configLoader/PnPSettings.d.ts",[2,68,69],[3,64,42],[2,70,71],[3,66,12],".d.ts",[2,73,6],[3,67,55],[2,75,76],[3,67,50],"cations.d.ts",[2,78,79],[3,67,48],"Search.d.ts",[2,81,6],[3,77,55],[2,78,83],"ToRawSettings.d.ts",[2,85,6],[3,82,62],[2,68,87],"defaultConfigLoader.d.ts",[2,89,6],[3,86,62],[2,91,92],[3,86,49],[2,93,71],[3,56,8],[2,68,95],"extractImportErrors.d.ts",[2,68,9],[2,68,98],[2,99,100],[3,23,9],"RawSettings.d.ts",[2,102,6],[3,97,63],[2,68,104],"readSettings.d.ts",[2,106,107],[3,103,54],"Files.d.ts",[2,68,109],"toGlobDef.d.ts",[2,111,112],[3,108,43],"ypes.d.ts",[2,65,9],[2,65,115],"pnpLoader.d.ts",[2,117,6],[3,114,39],[2,119,120],[3,55,18],"DefaultSettings.d.ts",[2,122,6],[3,118,34],[2,124,125],[3,118,19],"ictionaryReferenceCollection.d.ts",[2,127,6],[3,123,48],[2,129,92],[3,123,28],[2,131,6],[3,128,37],[2,119,133],"GlobalSettings.d.ts",[2,135,6],[3,132,33],[2,119,137],"InDocSettings.d.ts",[2,139,6],[3,136,32],[2,119,141],[2,142,92],[3,34,8],[2,144,6],[3,140,35],[2,119,146],"RegExpPatterns.d.ts",[2,148,6],[3,145,33],[2,119,150],[2,151,92],[3,47,12],[2,153,6],[3,149,39],[2,119,155],"calcOverrideSettings.d.ts",[2,157,158],[3,154,19],"fgStore.d.ts",[2,160,6],[3,156,27],[2,157,162],"heckFilenameMatchesGlob.d.ts",[2,157,164],"onstants.d.ts",[2,119,9],[2,167,168],[3,165,24],"link.d.ts",[2,119,168],[2,171,6],[3,169,23],[2,119,173],"mergeCache.d.ts",[2,175,6],[3,172,29],[2,177,178],[3,172,23],"List.d.ts",[2,119,180],"patterns.d.ts",[2,182,6],[3,179,27],[2,184,185],[3,55,10],"pellingDictionary/Dictionaries.d.ts",[2,187,6],[3,183,41],[2,189,190],[3,183,37],"yController/DictionaryLoader.d.ts",[2,192,6],[3,188,66],[2,194,9],[3,188,49],[2,196,197],[3,188,38],"Loader.d.ts",[2,199,6],[3,195,45],[2,201,202],[3,183,28],"SpellingDictionary.d.ts",[2,204,205],[3,200,46],"Error.d.ts",[2,207,208],[3,200,29],"uggestExperimental/SuggestionCollector.d.ts",[2,210,6],[3,206,68],[2,212,213],[3,206,48],"entities.d.ts",[2,212,215],"helpers.d.ts",[2,217,6],[3,214,56],[2,212,219],"suggest.d.ts",[2,221,6],[3,218,56],[2,201,9],[2,13,224],"clearCachedFiles.d.ts",[2,226,6],[3,223,26],[2,13,228],"events/events.d.ts",[2,230,6],[3,227,23],[2,232,9],[3,227,16],[2,234,235],[3,227,10],"xclusionHelper.d.ts",[2,237,6],[3,233,25],[2,13,239],"fileSystem.d.ts",[2,13,241],"getDictionary.d.ts",[2,243,244],[3,240,10],"lobs/checkFilenameMatchesGlob.d.ts",[2,246,247],[3,242,15],"getGlobMatcher.d.ts",[2,13,9],[2,250,6],[3,248,15],[2,13,252],"perf/index.d.ts",[2,254,255],[3,251,14],[2,256,71],[3,252,4],[2,258,6],[3,253,19],[2,254,260],"timer.d.ts",[2,262,6],[3,259,20],[2,13,264],"spellCheckFile.d.ts",[2,266,6],[3,263,24],[2,268,269],[3,263,10],[2,270,271],[3,208,6],"ions.d.ts",[2,273,6],[3,267,21],[2,13,275],[2,276,277],[3,6,4],"/bugs.spec.d.ts",[2,279,280],[3,274,14],"dutch.spec.d.ts",[2,279,282],"english.spec.d.ts",[2,279,284],"fa.spec.d.ts",[2,286,287],[3,283,15],"rench.spec.d.ts",[2,279,289],"golang.spec.d.ts",[2,279,291],"python.spec.d.ts",[2,293,294],[3,274,11],"xtValidation/ValidateTextOptions.d.ts",[2,296,297],[3,292,31],"ionTypes.d.ts",[2,299,300],[3,292,24],"checkText.d.ts",[2,302,6],[3,298,34],[2,299,304],[2,305,306],[3,87,10],"stants.d.ts",[2,308,309],[3,303,26],"termineTextDocumentSettings.d.ts",[2,311,6],[3,307,54],[2,313,314],[3,303,25],"ocValidator.d.ts",[2,316,6],[3,312,37],[2,299,9],[2,319,320],[3,317,25],"sWordValid.d.ts",[2,322,6],[3,318,36],[2,299,324],"lineValidatorFactory.d.ts",[2,326,6],[3,323,45],[2,299,328],"parsedText.d.ts",[2,330,6],[3,327,35],[2,299,332],"settingsToValidateOptions.d.ts",[2,299,334],"textValidator.d.ts",[2,336,6],[3,333,38],[2,338,339],[3,333,25],"raceWord.d.ts",[2,341,6],[3,337,34],[2,299,343],"validator.d.ts",[2,345,6],[3,342,34],[2,347,348],[3,274,10],[2,349,71],[3,339,4],[2,351,6],[3,346,15],[2,13,353],"util/AutoResolve.d.ts",[2,355,6],[3,352,26],[2,357,358],[3,352,25],"LRUCache.d.ts",[2,360,6],[3,356,34],[2,362,363],[3,352,14],"Comparable.d.ts",[2,365,6],[3,361,25],[2,362,367],"FreqCounter.d.ts",[2,369,6],[3,366,26],[2,362,371],"IterableLike.d.ts",[2,362,373],"MinHeapQueue.d.ts",[2,375,6],[3,372,27],[2,362,377],"PairingHeap.d.ts",[2,379,6],[3,376,26],[2,362,381],[2,382,383],[3,47,4],"Map.d.ts",[2,385,6],[3,380,22],[2,387,388],[3,380,18],"Range.d.ts",[2,390,391],[3,386,24],"regexp.test.d.ts",[2,390,6],[2,362,394],"Uri.d.ts",[2,396,6],[3,393,18],[2,362,398],"errors.d.ts",[2,400,6],[3,397,21],[2,362,402],[2,403,404],[3,239,4],"Reader.d.ts",[2,406,6],[3,401,25],[2,408,409],[3,401,16],"ndUp.d.ts",[2,411,6],[3,407,21],[2,413,414],[3,407,20],"FromUrl.d.ts",[2,416,6],[3,412,28],[2,362,418],"iterableIteratorLib.d.ts",[2,420,6],[3,417,34],[2,362,422],"logger.d.ts",[2,424,6],[3,421,21],[2,362,426],"memorizeLastCall.d.ts",[2,428,6],[3,425,31],[2,430,431],[3,425,22],"rWeak.d.ts",[2,433,6],[3,429,28],[2,362,435],[2,436,437],[3,391,5],"Helper.d.ts",[2,439,440],[3,434,16],"pMap.d.ts",[2,442,6],[3,438,21],[2,439,444],"solveFile.d.ts",[2,446,6],[3,443,26],[2,362,448],"search.d.ts",[2,450,6],[3,447,21],[2,452,453],[3,447,15],"impleCache.d.ts",[2,455,6],[3,451,26],[2,362,457],"templates.d.ts",[2,459,6],[3,456,24],[2,461,462],[3,456,16],"xt.d.ts",[2,464,6],[3,460,19],[2,466,467],[3,460,18],"Regex.d.ts",[2,469,6],[3,465,24],[2,471,112],[3,456,15],[2,362,473],"url.d.ts",[2,475,6],[3,472,18],[2,477,478],[3,472,15],"til.d.ts",[2,480,6],[3,476,19],[2,362,482],"wordSplitter.d.ts",[2,484,6],[3,481,27],[2,13,343],[2,13,487],[2,488,489],[3,482,4],[2,490,437],[3,178,4],[2,492,6],[3,486,24],[2,494,495],[3,3,5],"lib/Cache/cspell.cache.d.ts",[2,497,6],[3,493,28],[2,499,9],[3,493,15],[2,501,6],[3,498,21],[2,503,14],[3,493,9],[2,505,9],[3,502,18],[2,507,19],[3,504,19],[2,509,6],[3,506,30],[2,505,23],[2,505,25],[2,503,27],[2,514,30],[3,512,30],[2,516,9],[3,512,22],[2,503,34],[2,519,6],[3,517,21],[2,503,38],[2,522,41],[3,520,16],[2,524,6],[3,521,30],[2,522,45],[2,522,47],[2,528,6],[3,526,29],[2,522,51],[2,531,54],[3,529,26],[2,503,56],[2,534,6],[3,532,39],[2,536,61],[3,532,19],[2,538,6],[3,535,41],[2,540,66],[3,535,29],[2,542,69],[3,539,42],[2,544,6],[3,541,55],[2,546,76],[3,541,50],[2,548,79],[3,541,48],[2,550,6],[3,547,55],[2,548,83],[2,553,6],[3,551,62],[2,542,87],[2,556,6],[3,554,62],[2,558,92],[3,554,49],[2,542,95],[2,542,9],[2,542,98],[2,563,6],[3,561,63],[2,542,104],[2,566,107],[3,564,54],[2,542,109],[2,569,112],[3,567,43],[2,540,9],[2,540,115],[2,573,6],[3,571,39],[2,575,120],[3,532,18],[2,577,6],[3,574,34],[2,579,125],[3,574,19],[2,581,6],[3,578,48],[2,583,92],[3,578,28],[2,585,6],[3,582,37],[2,575,133],[2,588,6],[3,586,33],[2,575,137],[2,591,6],[3,589,32],[2,575,141],[2,594,6],[3,592,35],[2,575,146],[2,597,6],[3,595,33],[2,575,150],[2,600,6],[3,598,39],[2,575,155],[2,603,158],[3,601,19],[2,605,6],[3,602,27],[2,603,162],[2,603,164],[2,575,9],[2,610,168],[3,608,24],[2,575,168],[2,613,6],[3,611,23],[2,575,173],[2,616,6],[3,614,29],[2,618,178],[3,614,23],[2,575,180],[2,621,6],[3,619,27],[2,623,185],[3,532,10],[2,625,6],[3,622,41],[2,627,190],[3,622,37],[2,629,6],[3,626,66],[2,631,9],[3,626,49],[2,633,197],[3,626,38],[2,635,6],[3,632,45],[2,637,202],[3,622,28],[2,639,205],[3,636,46],[2,641,208],[3,636,29],[2,643,6],[3,640,68],[2,645,213],[3,640,48],[2,645,215],[2,648,6],[3,646,56],[2,645,219],[2,651,6],[3,649,56],[2,637,9],[2,503,224],[2,655,6],[3,653,26],[2,503,228],[2,658,6],[3,656,23],[2,660,9],[3,656,16],[2,662,235],[3,656,10],[2,664,6],[3,661,25],[2,503,239],[2,503,241],[2,668,244],[3,666,10],[2,670,247],[3,667,15],[2,503,9],[2,673,6],[3,671,15],[2,503,252],[2,676,255],[3,674,14],[2,678,6],[3,675,19],[2,676,260],[2,681,6],[3,679,20],[2,503,264],[2,684,6],[3,682,24],[2,686,269],[3,682,10],[2,688,6],[3,685,21],[2,503,275],[2,691,280],[3,689,14],[2,691,282],[2,691,284],[2,695,287],[3,693,15],[2,691,289],[2,691,291],[2,699,294],[3,689,11],[2,701,297],[3,698,31],[2,703,300],[3,698,24],[2,705,6],[3,702,34],[2,703,304],[2,708,309],[3,706,26],[2,710,6],[3,707,54],[2,712,314],[3,706,25],[2,714,6],[3,711,37],[2,703,9],[2,717,320],[3,715,25],[2,719,6],[3,716,36],[2,703,324],[2,722,6],[3,720,45],[2,703,328],[2,725,6],[3,723,35],[2,703,332],[2,703,334],[2,729,6],[3,727,38],[2,731,339],[3,727,25],[2,733,6],[3,730,34],[2,703,343],[2,736,6],[3,734,34],[2,738,348],[3,689,10],[2,740,6],[3,737,15],[2,503,353],[2,743,6],[3,741,26],[2,745,358],[3,741,25],[2,747,6],[3,744,34],[2,749,363],[3,741,14],[2,751,6],[3,748,25],[2,749,367],[2,754,6],[3,752,26],[2,749,371],[2,749,373],[2,758,6],[3,756,27],[2,749,377],[2,761,6],[3,759,26],[2,749,381],[2,764,6],[3,762,22],[2,766,388],[3,762,18],[2,768,391],[3,765,24],[2,768,6],[2,749,394],[2,772,6],[3,770,18],[2,749,398],[2,775,6],[3,773,21],[2,749,402],[2,778,6],[3,776,25],[2,780,409],[3,776,16],[2,782,6],[3,779,21],[2,784,414],[3,779,20],[2,786,6],[3,783,28],[2,749,418],[2,789,6],[3,787,34],[2,749,422],[2,792,6],[3,790,21],[2,749,426],[2,795,6],[3,793,31],[2,797,431],[3,793,22],[2,799,6],[3,796,28],[2,749,435],[2,802,440],[3,800,16],[2,804,6],[3,801,21],[2,802,444],[2,807,6],[3,805,26],[2,749,448],[2,810,6],[3,808,21],[2,812,453],[3,808,15],[2,814,6],[3,811,26],[2,749,457],[2,817,6],[3,815,24],[2,819,462],[3,815,16],[2,821,6],[3,818,19],[2,823,824],[3,818,18],"Api.d.ts",[2,823,467],[2,827,6],[3,825,24],[2,829,112],[3,815,15],[2,749,473],[2,832,6],[3,830,18],[2,834,478],[3,830,15],[2,836,6],[3,833,19],[2,749,482],[2,839,255],[3,837,27],[2,839,6],[2,503,343],[2,503,487],[2,844,6],[3,842,24],"fixtures/docValidator/parser/sample.ts",[2,847,848],[3,845,22],"sample-with-cspell-directives.ts",[2,850,851],[3,846,34],"directives-errors.ts",[2,850,853],[2,854,855],[3,398,7],"ts",[2,850,857],"many-errors.ts",[2,859,860],[3,848,6],"s/bug-fixes/bug345.ts","src/lib/Cache/cspell.cache.test.ts",[2,863,864],[3,861,28],"s",[2,866,867],[3,861,14],[2,868,869],[3,9,6],[2,870,855],[3,6,5],[2,872,864],[3,865,21],[2,874,875],[3,861,8],[2,876,855],[3,14,18],[2,878,879],[3,873,17],[2,880,864],[3,867,7],[2,882,883],[3,877,18],[2,884,869],[3,19,11],[2,886,864],[3,881,30],[2,878,888],[2,889,855],[3,23,21],[2,878,891],[2,892,855],[3,25,16],[2,874,894],[2,895,855],[3,27,31],[2,897,898],[3,893,29],[2,899,855],[3,30,5],[2,901,879],[3,893,21],[2,874,903],[2,904,869],[3,34,12],[2,906,864],[3,902,21],[2,874,908],[2,909,855],[3,38,33],[2,911,912],[3,907,15],[2,913,869],[3,41,14],[2,915,864],[3,910,30],[2,911,917],[2,918,855],[3,45,11],[2,911,920],[2,921,869],[3,47,13],[2,923,864],[3,919,29],[2,911,925],[2,926,855],[3,51,16],[2,928,929],[3,924,25],[2,930,855],[3,54,7],[2,874,932],[2,933,869],[3,56,30],[2,935,864],[3,931,39],[2,937,938],[3,931,18],[2,939,869],[3,61,22],[2,941,864],[3,936,41],[2,943,944],[3,936,28],[2,945,855],[3,66,25],[2,947,948],[3,942,41],[2,949,869],[3,69,13],[2,951,864],[3,946,55],[2,953,954],[3,946,49],[2,955,855],[3,76,8],[2,957,958],[3,946,47],[2,959,869],[3,79,7],[2,961,864],[3,956,55],[2,957,963],[2,964,869],[3,83,14],[2,966,864],[3,962,62],[2,947,968],[2,969,869],[3,87,20],[2,971,864],[3,967,62],[2,973,974],[3,967,48],[2,975,855],[3,92,9],[2,947,977],[2,978,855],[3,95,20],[2,947,879],[2,947,981],[2,982,869],[3,98,21],[2,984,864],[3,980,63],[2,947,986],[2,987,855],[3,104,13],[2,989,990],[3,985,53],[2,991,855],[3,107,6],[2,947,993],[2,994,855],[3,109,10],[2,996,997],[3,992,42],[2,998,855],[3,112,5],[2,943,879],[2,943,1001],[2,1002,869],[3,115,10],[2,1004,864],[3,1000,39],[2,1006,1007],[3,931,17],[2,1008,869],[3,120,16],[2,1010,864],[3,1005,34],[2,1012,1013],[3,1005,18],[2,1014,869],[3,125,29],[2,1016,864],[3,1011,48],[2,1018,1019],[3,1011,27],[2,1020,1021],[3,974,10],"est.ts",[2,1023,864],[3,1017,37],[2,1006,1025],[2,1026,869],[3,133,15],[2,1028,864],[3,1024,33],[2,1006,1030],[2,1031,869],[3,137,14],[2,1033,864],[3,1029,32],[2,1006,1035],[2,1036,869],[3,141,17],[2,1038,864],[3,1034,35],[2,1006,1040],[2,1041,869],[3,146,15],[2,1043,864],[3,1039,33],[2,1006,1045],[2,1046,869],[3,150,21],[2,1048,864],[3,1044,39],[2,1006,1050],[2,1051,855],[3,155,21],[2,1053,1054],[3,1049,18],[2,1055,869],[3,158,8],[2,1057,864],[3,1052,27],[2,1053,1059],[2,1060,855],[3,162,24],[2,1053,1062],[2,1063,855],[3,164,9],[2,1006,1065],[2,868,1066],[2,1067,855],[3,168,5],[2,1069,855],[3,1064,23],[2,1006,1071],[2,1072,1021],[3,1066,6],[2,1074,864],[3,1070,23],[2,1006,1076],[2,1077,869],[3,173,11],[2,1079,864],[3,1075,29],[2,1081,1082],[3,1075,22],[2,1083,855],[3,178,5],[2,1006,1085],[2,1086,869],[3,180,9],[2,1088,864],[3,1084,27],[2,1090,1091],[3,931,9],[2,1092,869],[3,185,31],[2,1094,864],[3,1089,41],[2,1096,1097],[3,1089,36],[2,1098,869],[3,190,29],[2,1100,864],[3,1095,66],[2,1102,879],[3,1095,48],[2,1104,1105],[3,1095,37],[2,1106,869],[3,197,7],[2,1108,864],[3,1103,45],[2,1110,1111],[3,1089,27],[2,1112,855],[3,202,19],[2,1114,1115],[3,1109,45],[2,1116,855],[3,205,6],[2,1118,1119],[3,1109,28],[2,1120,869],[3,208,39],[2,1122,864],[3,1117,68],[2,1124,1125],[3,1117,47],[2,1126,855],[3,213,9],[2,1124,1128],[2,1129,869],[3,215,8],[2,1131,864],[3,1127,56],[2,1124,1133],[2,1134,869],[3,219,8],[2,1136,864],[3,1132,56],[2,1110,879],[2,874,1139],[2,1140,869],[3,224,17],[2,1142,864],[3,1138,26],[2,874,1144],[2,1145,869],[3,228,14],[2,1147,864],[3,1143,23],[2,1149,879],[3,1143,15],[2,1151,1152],[3,1143,9],[2,1153,869],[3,235,15],[2,1155,864],[3,1150,25],[2,874,1157],[2,1158,855],[3,239,11],[2,874,1160],[2,1161,855],[3,241,14],[2,1163,1164],[3,1159,9],[2,1165,855],[3,244,30],[2,1167,1168],[3,1162,14],[2,1169,855],[3,247,15],[2,874,867],[2,1172,864],[3,1170,15],[2,874,1174],"leaked-handles.d.ts",[2,874,1176],"node-namespace.d.ts",[2,874,1178],[2,1179,855],[3,252,11],[2,1181,1182],[3,1177,13],[2,1183,869],[3,255,5],[2,1185,864],[3,1180,19],[2,1181,1187],[2,1188,869],[3,260,6],[2,1190,864],[3,1186,20],[2,874,1192],[2,1193,869],[3,264,15],[2,1195,864],[3,1191,24],[2,1197,1198],[3,1191,9],[2,1199,869],[3,269,11],[2,1201,864],[3,1196,21],[2,874,1203],[2,1204,855],[3,275,15],[2,1206,1207],[3,1202,13],[2,1208,855],[3,280,11],[2,1206,1210],[2,1211,855],[3,282,13],[2,1206,1213],[2,1214,855],[3,284,8],[2,1216,1217],[3,1212,14],[2,1218,855],[3,287,11],[2,1206,1220],[2,1221,855],[3,289,12],[2,1206,1223],[2,1224,855],[3,291,12],[2,1226,1227],[3,1202,10],[2,1228,855],[3,294,33],[2,1230,1231],[3,1225,30],[2,1232,855],[3,297,9],[2,1234,1235],[3,1225,23],[2,1236,869],[3,300,10],[2,1238,864],[3,1233,34],[2,1234,1240],[2,1241,855],[3,304,17],[2,1243,1244],[3,1239,25],[2,1245,869],[3,309,28],[2,1247,864],[3,1242,54],[2,1249,1250],[3,1239,24],[2,1251,869],[3,314,12],[2,1253,864],[3,1248,37],[2,1234,879],[2,1256,1257],[3,1254,24],[2,1258,869],[3,320,11],[2,1260,864],[3,1255,36],[2,1234,1262],[2,1263,869],[3,324,21],[2,1265,864],[3,1261,45],[2,1234,1267],[2,1268,869],[3,328,11],[2,1270,864],[3,1266,35],[2,1234,1272],[2,1273,855],[3,332,26],[2,1234,1275],[2,1276,869],[3,334,14],[2,1278,864],[3,1274,38],[2,1280,1281],[3,1274,24],[2,1282,869],[3,339,9],[2,1284,864],[3,1279,34],[2,1234,1286],[2,1287,869],[3,343,10],[2,1289,864],[3,1285,34],[2,1291,1292],[3,1202,9],[2,1293,869],[3,348,5],[2,1295,864],[3,1290,15],[2,874,1297],[2,1298,869],[3,353,17],[2,1300,864],[3,1296,26],[2,1302,1303],[3,1296,24],[2,1304,869],[3,358,9],[2,1306,864],[3,1301,34],[2,1308,1309],[3,1296,13],[2,1310,869],[3,363,11],[2,1312,864],[3,1307,25],[2,1308,1314],[2,1315,869],[3,367,12],[2,1317,864],[3,1313,26],[2,1308,1319],[2,1320,855],[3,371,13],[2,1308,1322],[2,1323,869],[3,373,13],[2,1325,864],[3,1321,27],[2,1308,1327],[2,1328,869],[3,377,12],[2,1330,864],[3,1326,26],[2,1308,1332],[2,1333,869],[3,381,8],[2,1335,864],[3,1331,22],[2,1337,1338],[3,1331,17],[2,1339,1340],[3,388,6],[2,1341,855],[3,391,12],[2,1343,869],[3,1336,23],[2,1345,864],[3,1342,24],[2,1308,1347],[2,1348,869],[3,394,4],[2,1350,864],[3,1346,18],[2,1308,1352],[2,1353,1021],[3,853,8],[2,1355,864],[3,1351,21],[2,1308,1357],[2,1358,869],[3,402,11],[2,1360,864],[3,1356,25],[2,1362,1363],[3,1356,15],[2,1364,869],[3,409,5],[2,1366,864],[3,1361,21],[2,1368,1369],[3,1361,19],[2,1370,869],[3,414,8],[2,1372,864],[3,1367,28],[2,1308,1374],[2,1375,869],[3,418,20],[2,1377,864],[3,1373,34],[2,1308,1379],[2,1380,869],[3,422,7],[2,1382,864],[3,1378,21],[2,1308,1384],[2,1385,869],[3,426,17],[2,1387,864],[3,1383,31],[2,1389,1390],[3,1383,21],[2,1391,869],[3,431,6],[2,1393,864],[3,1388,28],[2,1308,1395],[2,1396,855],[3,435,12],[2,1398,1399],[3,1394,15],[2,1400,869],[3,440,5],[2,1402,864],[3,1397,21],[2,1398,1404],[2,1405,869],[3,444,10],[2,1407,864],[3,1403,26],[2,1308,1409],[2,1410,869],[3,448,7],[2,1412,864],[3,1408,21],[2,1414,1415],[3,1408,14],[2,1416,869],[3,453,11],[2,1418,864],[3,1413,26],[2,1308,1420],[2,1421,869],[3,457,10],[2,1423,864],[3,1419,24],[2,1425,1426],[3,1419,15],"xt.test.ts",[2,1428,864],[3,1424,19],[2,1430,1431],[3,1424,17],[2,1432,855],[3,824,4],[2,1430,1434],[2,1435,869],[3,467,6],[2,1437,864],[3,1433,24],[2,1439,997],[3,1419,14],[2,1308,1441],[2,1442,869],[3,473,4],[2,1444,864],[3,1440,18],[2,1446,1447],[3,1440,14],[2,1448,869],[3,478,4],[2,1450,864],[3,1445,19],[2,1308,1452],[2,1453,1454],[3,482,13],[2,1455,864],[3,1182,6],[2,1457,869],[3,1451,26],[2,1459,864],[3,1456,27],[2,874,1461],[2,1462,864],[3,1286,11],[2,874,1464],[2,1465,869],[3,487,15],[2,1467,864],[3,1463,24],""]
