["Dehydrated JSON v1",[0,2,3,6,9,11,14,16,19,21,23,25,27,30,32,34,36,38,41,43,45,47,49,51,54,56,58,61,63,66,71,73,76,79,81,83,85,87,89,93,95,96,100,102,104,107,109,112,113,115,117,120,122,125,127,129,131,133,135,137,139,142,144,146,148,151,153,155,158,160,162,164,165,168,169,171,173,175,178,180,182,185,187,190,192,194,197,199,202,205,208,210,213,215,217,219,221,222,224,226,228,230,232,235,237,239,241,244,247,248,250,252,255,257,259,261,263,265,268,270,272,275,277,279,282,284,286,289,292,295,297,301,304,306,309,311,312,315,317,319,321,323,325,327,329,331,334,336,338,340,343,345,347,349,352,354,357,359,361,363,365,367,369,371,373,375,377,380,383,384,386,388,390,392,394,396,399,401,404,406,408,410,412,414,416,418,421,423,425,428,430,432,434,436,438,441,443,445,447,450,452,455,457,459,461,463,466,468,470,472,473,475,477,478,480,482,484,486,488,490,492,493,494,495,497,499,500,502,503,505,507,508,509,511,512,514,515,517,519,521,523,525,527,529,531,533,534,536,537,539,541,542,543,544,546,547,549,550,552,553,554,556,558,560,562,564,566,568,569,571,572,574,575,577,578,580,581,583,584,586,588,589,590,591,593,594,596,597,599,601,602,604,606,608,610,612,614,616,618,620,622,624,626,628,629,631,632,634,635,636,638,639,641,643,645,647,648,649,651,653,654,656,657,659,661,662,664,665,667,669,671,672,674,675,676,678,679,680,682,684,686,688,689,691,693,695,697,698,700,702,703,705,706,708,709,710,712,714,716,717,719,721,723,724,726,728,730,732,734,735,737,738,739,741,742,744,745,747,749,751,752,753,755,756,758,759,761,763,765,767,769,770,772,773,775,776,778,780,782,783,785,787,788,790,791,793,795,797,798,800,802,804,807,808,810,812,813,815,817,819,820,822,823,824,825,827,828,831,834,836,838,839,840,843,846,848,849,852,857,859,863,866,867,870,872,873,875,876,880,882,885,888,890,893,896,897,899,903,905,909,913,915,919,922,924,927,929,932,934,938,941,942,945,947,950,953,956,959,960,963,965,969,971,975,977,982,984,987,989,992,994,997,999,1002,1004,1007,1009,1012,1015,1017,1020,1023,1025,1027,1029,1031,1034,1036,1039,1042,1044,1048,1050,1054,1056,1058,1061,1063,1067,1070,1074,1076,1080,1082,1084,1086,1088,1089,1090,1092,1093,1095,1097,1098,1100,1101,1102,1103,1107,1108,1110,1111,1112,1113,1116,1118,1120,1122,1123,1125,1126,1128,1129,1133,1136,1138,1142,1145,1148,1152,1156,1160,1162,1165,1169,1171,1175,1177,1178,1182,1184,1187,1189,1192,1194,1197,1200,1202,1206,1208,1211,1213,1214,1216,1217,1219,1223,1225,1229,1231,1234,1236,1239,1242,1244,1247,1249,1251,1253,1256,1258,1260,1262,1264,1266,1268,1271,1273,1276,1278,1281,1283,1286,1288,1290,1292,1295,1297,1300,1302,1305,1308,1310,1313,1315,1317,1319,1323,1325,1328,1330,1333,1335,1338,1340,1342,1344,1346,1348,1351,1353,1357,1359,1361,1362,1363,1365,1366],"api/api.d.ts","dist/esm/Cache/cspell.cache.d.ts",[3,3,28],"test.d.ts",[2,4,5],[3,3,15],"index.d.ts",[2,7,8],[3,9,21],[2,10,5],[3,3,9],"Document/Document.d.ts",[2,12,13],[3,14,18],[2,15,8],[3,16,19],"sBinaryDoc.d.ts",[2,17,18],[3,19,30],[2,20,5],"normalizeLanguageIds.d.ts",[2,15,22],"resolveDocument.d.ts",[2,15,24],"FeatureFlags/FeatureFalgs.test.d.ts",[2,12,26],[3,27,30],"lags.d.ts",[2,28,29],[3,27,22],[2,31,8],"LanguageIds.d.ts",[2,12,33],[3,34,21],[2,35,5],"Models/CSpellSettingsInternalDef.d.ts",[2,12,37],[3,38,16],"PatternRegExp.d.ts",[2,39,40],[3,41,30],[2,42,5],"Suggestion.d.ts",[2,39,44],"TextDocument.d.ts",[2,39,46],[3,47,29],[2,48,5],"ValidationIssue.d.ts",[2,39,50],[3,51,26],"Result.d.ts",[2,52,53],"Settings/CSpellSettingsServer.d.ts",[2,12,55],[3,56,39],[2,57,5],[3,56,19],"ontroller/ImportError.d.ts",[2,59,60],[3,61,41],[2,62,5],[3,61,29],"configLoader/PnPSettings.d.ts",[2,64,65],[3,66,42],[3,65,12],".d.ts",[2,68,69],[2,67,70],[3,71,55],[2,72,5],[3,71,50],"cations.d.ts",[2,74,75],[3,71,48],"Search.d.ts",[2,77,78],[3,79,55],[2,80,5],"ToRawSettings.d.ts",[2,77,82],[3,83,62],[2,84,5],"defaultConfigLoader.d.ts",[2,67,86],[3,87,62],[2,88,5],[3,87,49],[3,55,8],[2,91,69],[2,90,92],"extractImportErrors.d.ts",[2,67,94],[2,67,8],[3,22,9],"RawSettings.d.ts",[2,97,98],[2,67,99],[3,100,63],[2,101,5],"readSettings.d.ts",[2,67,103],[3,104,54],"Files.d.ts",[2,105,106],"toGlobDef.d.ts",[2,67,108],[3,109,43],"ypes.d.ts",[2,110,111],[2,64,8],"pnpLoader.d.ts",[2,64,114],[3,115,39],[2,116,5],[3,56,18],"DefaultSettings.d.ts",[2,118,119],[3,120,34],[2,121,5],[3,120,19],"ictionaryReferenceCollection.d.ts",[2,123,124],[3,125,48],[2,126,5],[3,125,28],[2,128,92],[3,129,37],[2,130,5],"GlobalSettings.d.ts",[2,118,132],[3,133,33],[2,134,5],"InDocSettings.d.ts",[2,118,136],[3,137,32],[2,138,5],[3,33,8],[2,140,92],[2,118,141],[3,142,35],[2,143,5],"RegExpPatterns.d.ts",[2,118,145],[3,146,33],[2,147,5],[3,46,12],[2,149,92],[2,118,150],[3,151,39],[2,152,5],"calcOverrideSettings.d.ts",[2,118,154],[3,155,19],"fgStore.d.ts",[2,156,157],[3,158,27],[2,159,5],"heckFilenameMatchesGlob.d.ts",[2,156,161],"onstants.d.ts",[2,156,163],[2,118,8],[3,165,24],"link.d.ts",[2,166,167],[2,118,167],[3,169,23],[2,170,5],"mergeCache.d.ts",[2,118,172],[3,173,29],[2,174,5],[3,173,23],"List.d.ts",[2,176,177],"patterns.d.ts",[2,118,179],[3,180,27],[2,181,5],[3,56,10],"pellingDictionary/Dictionaries.d.ts",[2,183,184],[3,185,41],[2,186,5],[3,185,37],"yController/DictionaryLoader.d.ts",[2,188,189],[3,190,66],[2,191,5],[3,190,49],[2,193,8],[3,190,38],"Loader.d.ts",[2,195,196],[3,197,45],[2,198,5],[3,185,28],"SpellingDictionary.d.ts",[2,200,201],[3,202,46],"Error.d.ts",[2,203,204],[3,202,29],"uggestExperimental/SuggestionCollector.d.ts",[2,206,207],[3,208,68],[2,209,5],[3,208,48],"entities.d.ts",[2,211,212],"helpers.d.ts",[2,211,214],[3,215,56],[2,216,5],"suggest.d.ts",[2,211,218],[3,219,56],[2,220,5],[2,200,8],"clearCachedFiles.d.ts",[2,12,223],[3,224,26],[2,225,5],"events/events.d.ts",[2,12,227],[3,228,23],[2,229,5],[3,228,16],[2,231,8],[3,228,10],"xclusionHelper.d.ts",[2,233,234],[3,235,25],[2,236,5],"fileSystem.d.ts",[2,12,238],"getDictionary.d.ts",[2,12,240],[3,241,10],"lobs/checkFilenameMatchesGlob.d.ts",[2,242,243],[3,244,15],"getGlobMatcher.d.ts",[2,245,246],[2,12,8],[3,248,15],[2,249,5],"perf/index.d.ts",[2,12,251],[3,252,14],"perf.d.ts",[2,253,254],[3,255,19],[2,256,5],"timer.d.ts",[2,253,258],[3,259,20],[2,260,5],"spellCheckFile.d.ts",[2,12,262],[3,263,24],[2,264,5],[3,263,10],"uggestions.d.ts",[2,266,267],[3,268,21],[2,269,5],"test/bugs.spec.d.ts",[2,12,271],[3,272,14],"dutch.spec.d.ts",[2,273,274],"english.spec.d.ts",[2,273,276],"fa.spec.d.ts",[2,273,278],[3,279,15],"rench.spec.d.ts",[2,280,281],"golang.spec.d.ts",[2,273,283],"python.spec.d.ts",[2,273,285],[3,272,11],"xtValidation/ValidateTextOptions.d.ts",[2,287,288],[3,289,31],"ionTypes.d.ts",[2,290,291],[3,289,24],"checkText.d.ts",[2,293,294],[3,295,34],[2,296,5],[3,86,10],"stants.d.ts",[2,298,299],[2,293,300],[3,301,26],"termineTextDocumentSettings.d.ts",[2,302,303],[3,304,54],[2,305,5],[3,301,25],"ocValidator.d.ts",[2,307,308],[3,309,37],[2,310,5],[2,293,8],[3,312,25],"sWordValid.d.ts",[2,313,314],[3,315,36],[2,316,5],"lineValidatorFactory.d.ts",[2,293,318],[3,319,45],[2,320,5],"parsedText.d.ts",[2,293,322],[3,323,35],[2,324,5],"settingsToValidateOptions.d.ts",[2,293,326],"textValidator.d.ts",[2,293,328],[3,329,38],[2,330,5],[3,329,25],"raceWord.d.ts",[2,332,333],[3,334,34],[2,335,5],"validator.d.ts",[2,293,337],[3,338,34],[2,339,5],[3,272,10],"race.d.ts",[2,341,342],[3,343,15],[2,344,5],"util/AutoResolve.d.ts",[2,12,346],[3,347,26],[2,348,5],[3,347,25],"LRUCache.d.ts",[2,350,351],[3,352,34],[2,353,5],[3,347,14],"Comparable.d.ts",[2,355,356],[3,357,25],[2,358,5],"FreqCounter.d.ts",[2,355,360],[3,361,26],[2,362,5],"IterableLike.d.ts",[2,355,364],"MinHeapQueue.d.ts",[2,355,366],[3,367,27],[2,368,5],"PairingHeap.d.ts",[2,355,370],[3,371,26],[2,372,5],"TextMap.d.ts",[2,355,374],[3,375,22],[2,376,5],[3,375,18],"Range.d.ts",[2,378,379],[3,380,24],"regexp.test.d.ts",[2,381,382],[2,381,5],"Uri.d.ts",[2,355,385],[3,386,18],[2,387,5],"errors.d.ts",[2,355,389],[3,390,21],[2,391,5],"fileReader.d.ts",[2,355,393],[3,394,25],[2,395,5],[3,394,16],"ndUp.d.ts",[2,397,398],[3,399,21],[2,400,5],[3,399,20],"FromUrl.d.ts",[2,402,403],[3,404,28],[2,405,5],"iterableIteratorLib.d.ts",[2,355,407],[3,408,34],[2,409,5],"logger.d.ts",[2,355,411],[3,412,21],[2,413,5],"memorizeLastCall.d.ts",[2,355,415],[3,416,31],[2,417,5],[3,416,22],"rWeak.d.ts",[2,419,420],[3,421,28],[2,422,5],"regexHelper.d.ts",[2,355,424],[3,425,16],"pMap.d.ts",[2,426,427],[3,428,21],[2,429,5],"solveFile.d.ts",[2,426,431],[3,432,26],[2,433,5],"search.d.ts",[2,355,435],[3,436,21],[2,437,5],[3,436,15],"impleCache.d.ts",[2,439,440],[3,441,26],[2,442,5],"templates.d.ts",[2,355,444],[3,445,24],[2,446,5],[3,445,16],"xt.d.ts",[2,448,449],[3,450,19],[2,451,5],[3,450,18],"Regex.d.ts",[2,453,454],[3,455,24],[2,456,5],[3,445,15],[2,458,111],"url.d.ts",[2,355,460],[3,461,18],[2,462,5],[3,461,15],"til.d.ts",[2,464,465],[3,466,19],[2,467,5],"wordSplitter.d.ts",[2,355,469],[3,470,27],[2,471,5],[2,12,337],"wordListHelper.d.ts",[2,12,474],[3,475,24],[2,476,5],"dist/lib/Cache/cspell.cache.d.ts",[3,478,28],[2,479,5],[3,478,15],[2,481,8],[3,482,21],[2,483,5],[3,478,9],[2,485,13],[3,486,18],[2,487,8],[3,488,19],[2,489,18],[3,490,30],[2,491,5],[2,487,22],[2,487,24],[2,485,26],[3,495,30],[2,496,29],[3,495,22],[2,498,8],[2,485,33],[3,500,21],[2,501,5],[2,485,37],[3,503,16],[2,504,40],[3,505,30],[2,506,5],[2,504,44],[2,504,46],[3,509,29],[2,510,5],[2,504,50],[3,512,26],[2,513,53],[2,485,55],[3,515,39],[2,516,5],[3,515,19],[2,518,60],[3,519,41],[2,520,5],[3,519,29],[2,522,65],[3,523,42],[2,524,70],[3,525,55],[2,526,5],[3,525,50],[2,528,75],[3,525,48],[2,530,78],[3,531,55],[2,532,5],[2,530,82],[3,534,62],[2,535,5],[2,524,86],[3,537,62],[2,538,5],[3,537,49],[2,540,92],[2,524,94],[2,524,8],[2,524,99],[3,544,63],[2,545,5],[2,524,103],[3,547,54],[2,548,106],[2,524,108],[3,550,43],[2,551,111],[2,522,8],[2,522,114],[3,554,39],[2,555,5],[3,515,18],[2,557,119],[3,558,34],[2,559,5],[3,558,19],[2,561,124],[3,562,48],[2,563,5],[3,562,28],[2,565,92],[3,566,37],[2,567,5],[2,557,132],[3,569,33],[2,570,5],[2,557,136],[3,572,32],[2,573,5],[2,557,141],[3,575,35],[2,576,5],[2,557,145],[3,578,33],[2,579,5],[2,557,150],[3,581,39],[2,582,5],[2,557,154],[3,584,19],[2,585,157],[3,586,27],[2,587,5],[2,585,161],[2,585,163],[2,557,8],[3,591,24],[2,592,167],[2,557,167],[3,594,23],[2,595,5],[2,557,172],[3,597,29],[2,598,5],[3,597,23],[2,600,177],[2,557,179],[3,602,27],[2,603,5],[3,515,10],[2,605,184],[3,606,41],[2,607,5],[3,606,37],[2,609,189],[3,610,66],[2,611,5],[3,610,49],[2,613,8],[3,610,38],[2,615,196],[3,616,45],[2,617,5],[3,606,28],[2,619,201],[3,620,46],[2,621,204],[3,620,29],[2,623,207],[3,624,68],[2,625,5],[3,624,48],[2,627,212],[2,627,214],[3,629,56],[2,630,5],[2,627,218],[3,632,56],[2,633,5],[2,619,8],[2,485,223],[3,636,26],[2,637,5],[2,485,227],[3,639,23],[2,640,5],[3,639,16],[2,642,8],[3,639,10],[2,644,234],[3,645,25],[2,646,5],[2,485,238],[2,485,240],[3,649,10],[2,650,243],[3,651,15],[2,652,246],[2,485,8],[3,654,15],[2,655,5],[2,485,251],[3,657,14],[2,658,254],[3,659,19],[2,660,5],[2,658,258],[3,662,20],[2,663,5],[2,485,262],[3,665,24],[2,666,5],[3,665,10],[2,668,267],[3,669,21],[2,670,5],[2,485,271],[3,672,14],[2,673,274],[2,673,276],[2,673,278],[3,676,15],[2,677,281],[2,673,283],[2,673,285],[3,672,11],[2,681,288],[3,682,31],[2,683,291],[3,682,24],[2,685,294],[3,686,34],[2,687,5],[2,685,300],[3,689,26],[2,690,303],[3,691,54],[2,692,5],[3,689,25],[2,694,308],[3,695,37],[2,696,5],[2,685,8],[3,698,25],[2,699,314],[3,700,36],[2,701,5],[2,685,318],[3,703,45],[2,704,5],[2,685,322],[3,706,35],[2,707,5],[2,685,326],[2,685,328],[3,710,38],[2,711,5],[3,710,25],[2,713,333],[3,714,34],[2,715,5],[2,685,337],[3,717,34],[2,718,5],[3,672,10],[2,720,342],[3,721,15],[2,722,5],[2,485,346],[3,724,26],[2,725,5],[3,724,25],[2,727,351],[3,728,34],[2,729,5],[3,724,14],[2,731,356],[3,732,25],[2,733,5],[2,731,360],[3,735,26],[2,736,5],[2,731,364],[2,731,366],[3,739,27],[2,740,5],[2,731,370],[3,742,26],[2,743,5],[2,731,374],[3,745,22],[2,746,5],[3,745,18],[2,748,379],[3,749,24],[2,750,382],[2,750,5],[2,731,385],[3,753,18],[2,754,5],[2,731,389],[3,756,21],[2,757,5],[2,731,393],[3,759,25],[2,760,5],[3,759,16],[2,762,398],[3,763,21],[2,764,5],[3,763,20],[2,766,403],[3,767,28],[2,768,5],[2,731,407],[3,770,34],[2,771,5],[2,731,411],[3,773,21],[2,774,5],[2,731,415],[3,776,31],[2,777,5],[3,776,22],[2,779,420],[3,780,28],[2,781,5],[2,731,424],[3,783,16],[2,784,427],[3,785,21],[2,786,5],[2,784,431],[3,788,26],[2,789,5],[2,731,435],[3,791,21],[2,792,5],[3,791,15],[2,794,440],[3,795,26],[2,796,5],[2,731,444],[3,798,24],[2,799,5],[3,798,16],[2,801,449],[3,802,19],[2,803,5],[3,802,18],"Api.d.ts",[2,805,806],[2,805,454],[3,808,24],[2,809,5],[3,798,15],[2,811,111],[2,731,460],[3,813,18],[2,814,5],[3,813,15],[2,816,465],[3,817,19],[2,818,5],[2,731,469],[3,820,27],[2,821,254],[2,821,5],[2,485,337],[2,485,474],[3,825,24],[2,826,5],"fixtures/docValidator/parser/sample.ts",[3,828,22],"sample-with-cspell-directives.ts",[2,829,830],[3,831,34],"directives-errors.ts",[2,832,833],"errors.ts",[2,832,835],"many-errors.ts",[2,832,837],"samples/bug-fixes/bug345.ts","src/lib/Cache/cspell.cache.test.ts",[3,840,28],"s",[2,841,842],[3,840,14],"index.test.ts",[2,844,845],[3,846,21],[2,847,842],"src/lib/Document/Document.ts",[3,849,17],"index.ts",[2,850,851],[3,852,18],[3,18,11],"test.ts",[2,854,855],[2,853,856],[3,857,30],[2,858,842],[3,22,21],"ts",[2,860,861],[2,850,862],[3,24,16],[2,864,861],[2,850,865],"src/lib/FeatureFlags/FeatureFalgs.test.ts",[3,867,29],"lags.ts",[2,868,869],[3,867,21],[2,871,851],"src/lib/LanguageIds.test.ts",[3,873,21],[2,874,842],"src/lib/Models/CSpellSettingsInternalDef.ts",[3,876,15],[3,40,14],[2,878,855],[2,877,879],[3,880,30],[2,881,842],[3,44,11],[2,883,861],[2,877,884],[3,46,13],[2,886,855],[2,877,887],[3,888,29],[2,889,842],[3,50,16],[2,891,861],[2,877,892],[3,893,25],"Result.ts",[2,894,895],"src/lib/Settings/CSpellSettingsServer.test.ts",[3,897,39],[2,898,842],[3,897,18],[3,60,22],[2,901,855],[2,900,902],[3,903,41],[2,904,842],[3,903,28],[3,65,25],[2,907,861],[2,906,908],[3,909,41],[3,70,13],[2,911,855],[2,910,912],[3,913,55],[2,914,842],[3,913,49],[3,75,8],[2,917,861],[2,916,918],[3,913,47],"Search.test.ts",[2,920,921],[3,922,55],[2,923,842],[3,82,14],[2,925,855],[2,920,926],[3,927,62],[2,928,842],[3,86,20],[2,930,855],[2,910,931],[3,932,62],[2,933,842],[3,932,48],[3,92,9],[2,936,861],[2,935,937],[3,94,20],[2,939,861],[2,910,940],[2,910,851],[3,99,21],[2,943,855],[2,910,944],[3,945,63],[2,946,842],[3,103,13],[2,948,861],[2,910,949],[3,950,53],"Files.ts",[2,951,952],[3,108,10],[2,954,861],[2,910,955],[3,956,42],"ypes.ts",[2,957,958],[2,906,851],[3,114,10],[2,961,855],[2,906,962],[3,963,39],[2,964,842],[3,897,17],[3,119,16],[2,967,855],[2,966,968],[3,969,34],[2,970,842],[3,969,18],[3,124,29],[2,973,855],[2,972,974],[3,975,48],[2,976,842],[3,975,27],[3,937,10],"est.ts",[2,979,980],[2,978,981],[3,982,37],[2,983,842],[3,132,15],[2,985,855],[2,966,986],[3,987,33],[2,988,842],[3,136,14],[2,990,855],[2,966,991],[3,992,32],[2,993,842],[3,141,17],[2,995,855],[2,966,996],[3,997,35],[2,998,842],[3,145,15],[2,1000,855],[2,966,1001],[3,1002,33],[2,1003,842],[3,150,21],[2,1005,855],[2,966,1006],[3,1007,39],[2,1008,842],[3,154,21],[2,1010,861],[2,966,1011],[3,1012,18],"fgStore.test.ts",[2,1013,1014],[3,1015,27],[2,1016,842],[3,161,24],[2,1018,861],[2,1013,1019],[3,163,9],[2,1021,861],[2,1013,1022],"index.link.ts",[2,966,1024],[3,1025,23],[2,1026,861],"link.test.ts",[2,966,1028],[3,1029,23],[2,1030,842],[3,172,11],[2,1032,855],[2,966,1033],[3,1034,29],[2,1035,842],[3,1034,22],"List.ts",[2,1037,1038],[3,179,9],[2,1040,855],[2,966,1041],[3,1042,27],[2,1043,842],[3,897,9],[3,184,31],[2,1046,855],[2,1045,1047],[3,1048,41],[2,1049,842],[3,1048,36],[3,189,29],[2,1052,855],[2,1051,1053],[3,1054,66],[2,1055,842],[3,1054,48],[2,1057,851],[3,1054,37],"Loader.test.ts",[2,1059,1060],[3,1061,45],[2,1062,842],[3,1048,27],[3,201,19],[2,1065,861],[2,1064,1066],[3,1067,45],"Error.ts",[2,1068,1069],[3,1067,28],[3,207,39],[2,1072,855],[2,1071,1073],[3,1074,68],[2,1075,842],[3,1074,47],[3,212,9],[2,1078,861],[2,1077,1079],"helpers.test.ts",[2,1077,1081],[3,1082,56],[2,1083,842],"suggest.test.ts",[2,1077,1085],[3,1086,56],[2,1087,842],[2,1064,851],"src/lib/clearCachedFiles.test.ts",[3,1090,26],[2,1091,842],"src/lib/events/events.test.ts",[3,1093,23],[2,1094,842],[3,1093,15],[2,1096,851],"src/lib/exclusionHelper.test.ts",[3,1098,25],[2,1099,842],"src/lib/fileSystem.ts","src/lib/getDictionary.ts","src/lib/globs/checkFilenameMatchesGlob.ts",[3,1103,14],[3,246,15],[2,1105,861],[2,1104,1106],"src/lib/index.test.ts",[3,1108,15],[2,1109,842],"src/lib/leaked-handles.d.ts","src/lib/node-namespace.d.ts","src/lib/perf/index.ts",[3,1113,13],"perf.test.ts",[2,1114,1115],[3,1116,19],[2,1117,842],"timer.test.ts",[2,1114,1119],[3,1120,20],[2,1121,842],"src/lib/spellCheckFile.test.ts",[3,1123,24],[2,1124,842],"src/lib/suggestions.test.ts",[3,1126,21],[2,1127,842],"src/lib/test/bugs.spec.ts",[3,1129,13],[3,274,11],[2,1131,861],[2,1130,1132],[3,276,13],[2,1134,861],[2,1130,1135],"fa.spec.ts",[2,1130,1137],[3,1138,14],[3,281,11],[2,1140,861],[2,1139,1141],[3,283,12],[2,1143,861],[2,1130,1144],[3,285,12],[2,1146,861],[2,1130,1147],[3,1129,10],[3,288,33],[2,1150,861],[2,1149,1151],[3,1152,30],[3,291,9],[2,1154,861],[2,1153,1155],[3,1152,23],[3,294,10],[2,1158,855],[2,1157,1159],[3,1160,34],[2,1161,842],[3,300,17],[2,1163,861],[2,1157,1164],[3,1165,25],[3,303,28],[2,1167,855],[2,1166,1168],[3,1169,54],[2,1170,842],[3,1165,24],[3,308,12],[2,1173,855],[2,1172,1174],[3,1175,37],[2,1176,842],[2,1157,851],[3,1178,24],[3,314,11],[2,1180,855],[2,1179,1181],[3,1182,36],[2,1183,842],[3,318,21],[2,1185,855],[2,1157,1186],[3,1187,45],[2,1188,842],[3,322,11],[2,1190,855],[2,1157,1191],[3,1192,35],[2,1193,842],[3,326,26],[2,1195,861],[2,1157,1196],[3,328,14],[2,1198,855],[2,1157,1199],[3,1200,38],[2,1201,842],[3,1200,24],[3,333,9],[2,1204,855],[2,1203,1205],[3,1206,34],[2,1207,842],[3,337,10],[2,1209,855],[2,1157,1210],[3,1211,34],[2,1212,842],"src/lib/trace.test.ts",[3,1214,15],[2,1215,842],"src/lib/util/AutoResolve.test.ts",[3,1217,26],[2,1218,842],[3,1217,24],[3,351,9],[2,1221,855],[2,1220,1222],[3,1223,34],[2,1224,842],[3,1217,13],[3,356,11],[2,1227,855],[2,1226,1228],[3,1229,25],[2,1230,842],[3,360,12],[2,1232,855],[2,1226,1233],[3,1234,26],[2,1235,842],[3,364,13],[2,1237,861],[2,1226,1238],[3,366,13],[2,1240,855],[2,1226,1241],[3,1242,27],[2,1243,842],[3,370,12],[2,1245,855],[2,1226,1246],[3,1247,26],[2,1248,842],"TextMap.test.ts",[2,1226,1250],[3,1251,22],[2,1252,842],[3,1251,17],"Range.regexp.test.ts",[2,1254,1255],[3,1256,23],[2,1257,855],[3,1258,24],[2,1259,842],"Uri.test.ts",[2,1226,1261],[3,1262,18],[2,1263,842],"errors.test.ts",[2,1226,1265],[3,1266,21],[2,1267,842],[3,393,11],[2,1269,855],[2,1226,1270],[3,1271,25],[2,1272,842],[3,1271,15],"ndUp.test.ts",[2,1274,1275],[3,1276,21],[2,1277,842],[3,1276,19],"FromUrl.test.ts",[2,1279,1280],[3,1281,28],[2,1282,842],[3,407,20],[2,1284,855],[2,1226,1285],[3,1286,34],[2,1287,842],"logger.test.ts",[2,1226,1289],[3,1290,21],[2,1291,842],[3,415,17],[2,1293,855],[2,1226,1294],[3,1295,31],[2,1296,842],[3,1295,21],"rWeak.test.ts",[2,1298,1299],[3,1300,28],[2,1301,842],[3,424,12],[2,1303,861],[2,1226,1304],[3,1305,15],"pMap.test.ts",[2,1306,1307],[3,1308,21],[2,1309,842],[3,431,10],[2,1311,855],[2,1306,1312],[3,1313,26],[2,1314,842],"search.test.ts",[2,1226,1316],[3,1317,21],[2,1318,842],[3,1317,14],[3,440,11],[2,1321,855],[2,1320,1322],[3,1323,26],[2,1324,842],[3,444,10],[2,1326,855],[2,1226,1327],[3,1328,24],[2,1329,842],[3,1328,15],"xt.test.ts",[2,1331,1332],[3,1333,19],[2,1334,842],[3,1333,17],"Api.ts",[2,1336,1337],"Regex.test.ts",[2,1336,1339],[3,1340,24],[2,1341,842],[3,1328,14],[2,1343,958],"url.test.ts",[2,1226,1345],[3,1346,18],[2,1347,842],[3,1346,14],"til.test.ts",[2,1349,1350],[3,1351,19],[2,1352,842],[3,469,13],"perf.ts",[2,1354,1355],[2,1226,1356],[3,1357,26],[2,1358,855],[3,1359,27],[2,1360,842],"src/lib/validator.ts","src/lib/wordListHelper.test.ts",[3,1363,24],[2,1364,842],""]
