// Jest Snapshot v1, https://goo.gl/fbAQLP

exports[`Validate wordSplitter Extract all possible word breaks to 32bit-checksum 1`] = `
[
  "bit|checksum",
  "bit|-checksum",
  "bit-|checksum",
  "bit-checksum",
  "32bit|checksum",
  "32bit|-checksum",
  "32bit-|checksum",
  "32bit-checksum",
  "32|bit|checksum",
  "32|bit|-checksum",
  "32|bit-|checksum",
  "32|bit-checksum",
]
`;

exports[`Validate wordSplitter Extract all possible word breaks to ERRORCode 1`] = `
[
  "ERROR|Code",
  "ERRORC|ode",
  "ERRORCode",
]
`;

exports[`Validate wordSplitter Extract all possible word breaks to MOVSX_r_rm16 1`] = `
[
  "MOVSX|r|rm",
  "MOVSX|r|rm|16",
  "MOVSX|r|rm16",
  "MOVSX|r|_rm",
  "MOVSX|r|_rm|16",
  "MOVSX|r|_rm16",
  "MOVSX|r_|rm",
  "MOVSX|r_|rm|16",
  "MOVSX|r_|rm16",
  "MOVSX|r_rm",
  "MOVSX|r_rm|16",
  "MOVSX|r_rm16",
  "MOVSX|_r|rm",
  "MOVSX|_r|rm|16",
  "MOVSX|_r|rm16",
  "MOVSX|_r|_rm",
  "MOVSX|_r|_rm|16",
  "MOVSX|_r|_rm16",
  "MOVSX|_r_|rm",
  "MOVSX|_r_|rm|16",
  "MOVSX|_r_|rm16",
  "MOVSX|_r_rm",
  "MOVSX|_r_rm|16",
  "MOVSX|_r_rm16",
  "MOVSX_|r|rm",
  "MOVSX_|r|rm|16",
  "MOVSX_|r|rm16",
  "MOVSX_|r|_rm",
  "MOVSX_|r|_rm|16",
  "MOVSX_|r|_rm16",
  "MOVSX_|r_|rm",
  "MOVSX_|r_|rm|16",
  "MOVSX_|r_|rm16",
  "MOVSX_|r_rm",
  "MOVSX_|r_rm|16",
  "MOVSX_|r_rm16",
  "MOVSX_r|rm",
  "MOVSX_r|rm|16",
  "MOVSX_r|rm16",
  "MOVSX_r|_rm",
  "MOVSX_r|_rm|16",
  "MOVSX_r|_rm16",
  "MOVSX_r_|rm",
  "MOVSX_r_|rm|16",
  "MOVSX_r_|rm16",
  "MOVSX_r_rm",
  "MOVSX_r_rm|16",
  "MOVSX_r_rm16",
]
`;

exports[`Validate wordSplitter Extract all possible word breaks to camelCase 1`] = `
[
  "camel|Case",
  "camelCase",
]
`;

exports[`Validate wordSplitter Extract all possible word breaks to hello 1`] = `
[
  "hello",
]
`;

exports[`Validate wordSplitter Extract all possible word breaks to well-educated 1`] = `
[
  "well|educated",
  "well|-educated",
  "well-|educated",
  "well-educated",
]
`;
