// Jest Snapshot v1, https://goo.gl/fbAQLP

exports[`Operators operators 1`] = `
Array [
  "opAwaitAsync",
  "opFilter",
  "opFilterAsync",
  "opFilterSync",
  "opFlatten",
  "opFlattenAsync",
  "opFlattenSync",
  "opJoinStrings",
  "opJoinStringsAsync",
  "opJoinStringsSync",
  "opMap",
  "opMapAsync",
  "opMapSync",
  "opUnique",
  "opUniqueAsync",
  "opUniqueSync",
]
`;
