// Jest Snapshot v1, https://goo.gl/fbAQLP

exports[`Validate suggestCollector collect weighted suggestions for "aple" 1`] = `
Array [
  "<aple> -> <apple> (55)
a: |<^>|<a>|<p> |<l>|<e>|<$>|     |
b: |<^>|<a>|<pp>|<l>|<e>|<$>|     |
c: |  0|  0|  55|  0|  0|  0| = 55|
p: |  0|  0|   0|  0|  0|  0|  = 0|
",
  "<aple> -> <apples> (165)
a: |<^>|<a>|<p> |<l>|<e>|<> |<$>|      |
b: |<^>|<a>|<pp>|<l>|<e>|<s>|<$>|      |
c: |  0|  0|  55|  0|  0|110|  0| = 165|
p: |  0|  0|   0|  0|  0|  0|  0|   = 0|
",
]
`;

exports[`Validate suggestCollector collect weighted suggestions for "cafe" 1`] = `
Array [
  "<cafe> -> <cafe> (0)
a: |<^>|<c>|<a>|<f>|<e>|<$>|    |
b: |<^>|<c>|<a>|<f>|<e>|<$>|    |
c: |  0|  0|  0|  0|  0|  0| = 0|
p: |  0|  0|  0|  0|  0|  0| = 0|
",
  "<cafe> -> <cafe패> (1)
a: |<^>|<c>|<a>|<f>|<e>|<$>|    |
b: |<^>|<c>|<a>|<f>|<e패>|<$>|    |
c: |  0|  0|  0|  0|  1|  0| = 1|
p: |  0|  0|  0|  0|  0|  0| = 0|
",
  "<cafe> -> <cafe패s> (111)
a: |<^>|<c>|<a>|<f>|<e>|<> |<$>|      |
b: |<^>|<c>|<a>|<f>|<e패>|<s>|<$>|      |
c: |  0|  0|  0|  0|  1|110|  0| = 111|
p: |  0|  0|  0|  0|  0|  0|  0|   = 0|
",
]
`;

exports[`Validate suggestCollector collect weighted suggestions for "joy" 1`] = `
Array [
  "<joy> -> <joy> (0)
a: |<^>|<j>|<o>|<y>|<$>|    |
b: |<^>|<j>|<o>|<y>|<$>|    |
c: |  0|  0|  0|  0|  0| = 0|
p: |  0|  0|  0|  0|  0| = 0|
",
]
`;

exports[`Validate suggestCollector collect weighted suggestions for "joyo" 1`] = `
Array [
  "<joyo> -> <joy> (75)
a: |<^>|<j>|<o>|<y>|<o>|<$>|     |
b: |<^>|<j>|<o>|<y>|<> |<$>|     |
c: |  0|  0|  0|  0| 75|  0| = 75|
p: |  0|  0|  0|  0|  0|  0|  = 0|
",
  "<joyo> -> <joyous> (165)
a: |<^>|<j>|<o>|<y>|<o> |<> |<$>|      |
b: |<^>|<j>|<o>|<y>|<ou>|<s>|<$>|      |
c: |  0|  0|  0|  0|  55|110|  0| = 165|
p: |  0|  0|  0|  0|   0|  0|  0|   = 0|
",
  "<joyo> -> <yo-yo> (220)
a: |<^>|<j>|<o>|<> |<y>|<o>|<$>|      |
b: |<^>|<y>|<o>|<->|<y>|<o>|<$>|      |
c: |  0|110|  0|110|  0|  0|  0| = 220|
p: |  0|  0|  0|  0|  0|  0|  0|   = 0|
",
]
`;

exports[`Validate suggestCollector collect weighted suggestions for "word" 1`] = `
Array [
  "<word> -> <word> (0)
a: |<^>|<w>|<o>|<r>|<d>|<$>|    |
b: |<^>|<w>|<o>|<r>|<d>|<$>|    |
c: |  0|  0|  0|  0|  0|  0| = 0|
p: |  0|  0|  0|  0|  0|  0| = 0|
",
  "<word> -> <work> (110)
a: |<^>|<w>|<o>|<r>|<d>|<$>|      |
b: |<^>|<w>|<o>|<r>|<k>|<$>|      |
c: |  0|  0|  0|  0|110|  0| = 110|
p: |  0|  0|  0|  0|  0|  0|   = 0|
",
  "<word> -> <words> (110)
a: |<^>|<w>|<o>|<r>|<d>|<> |<$>|      |
b: |<^>|<w>|<o>|<r>|<d>|<s>|<$>|      |
c: |  0|  0|  0|  0|  0|110|  0| = 110|
p: |  0|  0|  0|  0|  0|  0|  0|   = 0|
",
]
`;

exports[`Validate suggestCollector collect weighted suggestions for "words" 1`] = `
Array [
  "<words> -> <words> (0)
a: |<^>|<w>|<o>|<r>|<d>|<s>|<$>|    |
b: |<^>|<w>|<o>|<r>|<d>|<s>|<$>|    |
c: |  0|  0|  0|  0|  0|  0|  0| = 0|
p: |  0|  0|  0|  0|  0|  0|  0| = 0|
",
  "<words> -> <word> (110)
a: |<^>|<w>|<o>|<r>|<d>|<s>|<$>|      |
b: |<^>|<w>|<o>|<r>|<d>|<> |<$>|      |
c: |  0|  0|  0|  0|  0|110|  0| = 110|
p: |  0|  0|  0|  0|  0|  0|  0|   = 0|
",
  "<words> -> <works> (110)
a: |<^>|<w>|<o>|<r>|<d>|<s>|<$>|      |
b: |<^>|<w>|<o>|<r>|<k>|<s>|<$>|      |
c: |  0|  0|  0|  0|110|  0|  0| = 110|
p: |  0|  0|  0|  0|  0|  0|  0|   = 0|
",
]
`;

exports[`Validate suggestCollector collect weighted suggestions for "woudt" 1`] = `
Array [
  "<woudt> -> <word> (220)
a: |<^>|<w>|<o>|<u>|<d>|<t>|<$>|      |
b: |<^>|<w>|<o>|<r>|<d>|<> |<$>|      |
c: |  0|  0|  0|110|  0|110|  0| = 220|
p: |  0|  0|  0|  0|  0|  0|  0|   = 0|
",
  "<woudt> -> <won't> (220)
a: |<^>|<w>|<o>|<u>|<d>|<t>|<$>|      |
b: |<^>|<w>|<o>|<n>|<'>|<t>|<$>|      |
c: |  0|  0|  0|110|110|  0|  0| = 220|
p: |  0|  0|  0|  0|  0|  0|  0|   = 0|
",
  "<woudt> -> <words> (220)
a: |<^>|<w>|<o>|<u>|<d>|<t>|<$>|      |
b: |<^>|<w>|<o>|<r>|<d>|<s>|<$>|      |
c: |  0|  0|  0|110|  0|110|  0| = 220|
p: |  0|  0|  0|  0|  0|  0|  0|   = 0|
",
  "<woudt> -> <would> (220)
a: |<^>|<w>|<o>|<u>|<> |<d>|<t>|<$>|      |
b: |<^>|<w>|<o>|<u>|<l>|<d>|<> |<$>|      |
c: |  0|  0|  0|  0|110|  0|110|  0| = 220|
p: |  0|  0|  0|  0|  0|  0|  0|  0|   = 0|
",
]
`;
