// Jest Snapshot v1, https://goo.gl/fbAQLP

exports[`Validator validateText with suggestions 1`] = `
[
  {
    "isFlagged": false,
    "isFound": false,
    "line": {
      "offset": 1,
      "text": "            Here is a bit of text witth a feww mistaks.
",
    },
    "offset": 35,
    "suggestions": [
      "witty",
      "witt",
      "witch",
      "with",
      "Witt",
    ],
    "suggestionsEx": [
      {
        "word": "witty",
      },
      {
        "word": "witt",
      },
      {
        "word": "witch",
      },
      {
        "word": "with",
      },
      {
        "word": "Witt",
      },
    ],
    "text": "witth",
  },
  {
    "isFlagged": false,
    "isFound": false,
    "line": {
      "offset": 1,
      "text": "            Here is a bit of text witth a feww mistaks.
",
    },
    "offset": 43,
    "suggestions": [
      "few",
      "fewer",
      "few's",
      "fe's",
      "feal",
    ],
    "suggestionsEx": [
      {
        "word": "few",
      },
      {
        "word": "fewer",
      },
      {
        "word": "few's",
      },
      {
        "word": "fe's",
      },
      {
        "word": "feal",
      },
    ],
    "text": "feww",
  },
  {
    "isFlagged": false,
    "isFound": false,
    "line": {
      "offset": 1,
      "text": "            Here is a bit of text witth a feww mistaks.
",
    },
    "offset": 48,
    "suggestions": [
      "mistake",
      "mistakes",
      "mistaken",
      "mistaker",
      "mistake's",
    ],
    "suggestionsEx": [
      {
        "word": "mistake",
      },
      {
        "word": "mistakes",
      },
      {
        "word": "mistaken",
      },
      {
        "word": "mistaker",
      },
      {
        "word": "mistake's",
      },
    ],
    "text": "mistaks",
  },
]
`;
