// Vitest Snapshot v1

exports[`Helpers > helpers 1`] = `
[
  "asyncIteratorToAsyncIterable",
  "interleave",
  "isAsyncIterable",
  "iteratorToIterable",
  "toArray",
  "toAsyncIterable",
  "toDistributableIterable",
]
`;
