// Jest Snapshot v1, https://goo.gl/fbAQLP

exports[`mapHunspellInformation hunspellInformationToSuggestionCostDef <
            TRY abc
            > 1`] = `
Array [
  Object {
    "insDel": 100,
    "map": "ABCabc",
    "replace": 100,
    "swap": 100,
  },
  Object {
    "map": "Aa|Bb|Cc",
    "replace": 1,
  },
  Object {
    "map": "(^a)(^b)(^c)(^)",
    "penalty": 8,
    "replace": 96,
  },
]
`;

exports[`mapHunspellInformation hunspellInformationToSuggestionCostDef <
# comment.
# cspell:ignore eéèëê iíìïî
TRY abc

MAP 3
MAP eéèëê
MAP aáà
MAP iíìïî

OCONV 2
OCONV ĳ ij
OCONV Ĳ IJ

ICONV 9
ICONV áá aa
ICONV éé ee
ICONV íé ie
ICONV óó oo
ICONV úú uu
ICONV óé oe
ICONV ’ '
ICONV ij ĳ
ICONV IJ Ĳ

REP ^ß ss

NO-TRY -1234567890

# cspell:ignore asdfghjkl qwertyuiop zxcvbnm
KEY qwertyuiop|asdfghjkl|zxcvbnm
> 1`] = `
Array [
  Object {
    "insDel": 100,
    "map": "ABCabc",
    "replace": 100,
    "swap": 100,
  },
  Object {
    "map": "Aa|Bb|Cc",
    "replace": 1,
  },
  Object {
    "map": "(^a)(^b)(^c)(^)",
    "penalty": 8,
    "replace": 96,
  },
  Object {
    "map": "eéèëê",
    "replace": 25,
    "swap": 25,
  },
  Object {
    "map": "e(é)é|E(É)É|e(è)è|E(È)È|e(ë)ë|E(Ë)Ë|e(ê)ê|E(Ê)Ê",
    "replace": 1,
  },
  Object {
    "map": "(é)é|(É)É|(è)è|(È)È|(ë)ë|(Ë)Ë|(ê)ê|(Ê)Ê",
    "replace": 0,
  },
  Object {
    "map": "eE|éÉ|èÈ|ëË|êÊ",
    "replace": 1,
  },
  Object {
    "map": "aáà",
    "replace": 25,
    "swap": 25,
  },
  Object {
    "map": "a(á)á|A(Á)Á|a(à)à|A(À)À",
    "replace": 1,
  },
  Object {
    "map": "(á)á|(Á)Á|(à)à|(À)À",
    "replace": 0,
  },
  Object {
    "map": "aA|áÁ|àÀ",
    "replace": 1,
  },
  Object {
    "map": "iíìïî",
    "replace": 25,
    "swap": 25,
  },
  Object {
    "map": "i(í)í|I(Í)Í|i(ì)ì|I(Ì)Ì|i(ï)ï|I(Ï)Ï|i(î)î|I(Î)Î",
    "replace": 1,
  },
  Object {
    "map": "(í)í|(Í)Í|(ì)ì|(Ì)Ì|(ï)ï|(Ï)Ï|(î)î|(Î)Î",
    "replace": 0,
  },
  Object {
    "map": "iI|íÍ|ìÌ|ïÏ|îÎ",
    "replace": 1,
  },
  Object {
    "map": "ĳ(ij)",
    "replace": 30,
  },
  Object {
    "map": "Ĳ(IJ)",
    "replace": 30,
  },
  Object {
    "map": "(áá)(aa)",
    "replace": 30,
  },
  Object {
    "map": "(éé)(ee)",
    "replace": 30,
  },
  Object {
    "map": "(íé)(ie)",
    "replace": 30,
  },
  Object {
    "map": "(óó)(oo)",
    "replace": 30,
  },
  Object {
    "map": "(úú)(uu)",
    "replace": 30,
  },
  Object {
    "map": "(óé)(oe)",
    "replace": 30,
  },
  Object {
    "map": "’'",
    "replace": 30,
  },
  Object {
    "map": "(ij)ĳ",
    "replace": 30,
  },
  Object {
    "map": "(IJ)Ĳ",
    "replace": 30,
  },
  Object {
    "map": "(^ß)(^ss)",
    "replace": 75,
  },
  Object {
    "insDel": 10,
    "map": "-1234567890",
    "penalty": 210,
  },
  Object {
    "map": "qw|we|er|rt|ty|yu|ui|io|op|as|sd|df|fg|gh|hj|jk|kl|zx|xc|cv|vb|bn|nm|QW|WE|ER|RT|TY|YU|UI|IO|OP|AS|SD|DF|FG|GH|HJ|JK|KL|ZX|XC|CV|VB|BN|NM",
    "replace": 99,
    "swap": 99,
  },
  Object {
    "map": "qQ|wW|eE|rR|tT|yY|uU|iI|oO|pP|aA|sS|dD|fF|gG|hH|jJ|kK|lL|zZ|xX|cC|vV|bB|nN|mM",
    "replace": 1,
  },
]
`;

exports[`mapHunspellInformation hunspellInformationToSuggestionCostDef <> 1`] = `Array []`;
