// Jest Snapshot v1, https://goo.gl/fbAQLP

exports[`Validator validateText with suggestions 1`] = `
Array [
  Object {
    "isFlagged": false,
    "isFound": false,
    "line": Object {
      "offset": 1,
      "text": "            Here is a bit of text witth a feww mistaks.
",
    },
    "offset": 35,
    "suggestions": Array [
      "witty",
      "witt",
      "witch",
      "with",
      "Witt",
      "width",
    ],
    "text": "witth",
  },
  Object {
    "isFlagged": false,
    "isFound": false,
    "line": Object {
      "offset": 1,
      "text": "            Here is a bit of text witth a feww mistaks.
",
    },
    "offset": 43,
    "suggestions": Array [
      "few",
      "fewer",
      "few's",
      "fe's",
      "feal",
      "fear",
      "feat",
      "feck",
      "feds",
      "feed",
      "feel",
      "feer",
      "fees",
      "feet",
      "fell",
      "felt",
      "feme",
      "fend",
      "fens",
      "fern",
      "fess",
      "fest",
      "feta",
      "fete",
      "feud",
      "flews",
    ],
    "text": "feww",
  },
  Object {
    "isFlagged": false,
    "isFound": false,
    "line": Object {
      "offset": 1,
      "text": "            Here is a bit of text witth a feww mistaks.
",
    },
    "offset": 48,
    "suggestions": Array [
      "mistake",
      "mistakes",
      "mistaken",
      "mistaker",
      "mistake's",
      "mistakers",
    ],
    "text": "mistaks",
  },
]
`;
