// Vitest Snapshot v1

exports[`processFile > processFile 1`] = `
"export { lookUpPerson } from './lookup.mjs';
//# sourceMappingURL=index.js.map"
`;

exports[`processFile > processFile 2`] = `
"export { PrimeNumber, Tuple, GUID, AddressGuid, Address, PhonenumberGuid, Phonenumber, PersonGuid, Person, Annotation, } from './types.mjs';
export { lookUpPerson } from './lookup.mjs';
//# sourceMappingURL=index.d.ts.map"
`;
