// Jest Snapshot v1, https://goo.gl/fbAQLP

exports[`index verify api 1`] = `
[
  "createCachingDictionary",
  "createCollection",
  "createFailedToLoadDictionary",
  "createFlagWordsDictionary",
  "createForbiddenWordsDictionary",
  "createIgnoreWordsDictionary",
  "createSpellingDictionary",
  "createSpellingDictionaryFromTrieFile",
]
`;
