// Vitest Snapshot v1, https://vitest.dev/guide/snapshot.html

exports[`Validator > validateText with suggestions 1`] = `
[
  {
    "isFlagged": false,
    "isFound": false,
    "line": {
      "offset": 1,
      "text": "            Here is a bit of text witth a feww mistaks.
",
    },
    "offset": 35,
    "suggestions": [
      "with",
      "witt",
      "witty",
      "Witt",
      "witch",
    ],
    "suggestionsEx": [
      {
        "word": "with",
      },
      {
        "word": "witt",
      },
      {
        "word": "witty",
      },
      {
        "word": "Witt",
      },
      {
        "word": "witch",
      },
    ],
    "text": "witth",
  },
  {
    "isFlagged": false,
    "isFound": false,
    "line": {
      "offset": 1,
      "text": "            Here is a bit of text witth a feww mistaks.
",
    },
    "offset": 43,
    "suggestions": [
      "few",
      "flew",
      "faw",
      "dew",
      "hew",
    ],
    "suggestionsEx": [
      {
        "word": "few",
      },
      {
        "word": "flew",
      },
      {
        "word": "faw",
      },
      {
        "word": "dew",
      },
      {
        "word": "hew",
      },
    ],
    "text": "feww",
  },
  {
    "isFlagged": false,
    "isFound": false,
    "line": {
      "offset": 1,
      "text": "            Here is a bit of text witth a feww mistaks.
",
    },
    "offset": 48,
    "suggestions": [
      "mistake",
      "mistakes",
      "mistaken",
      "mistaker",
      "mistake's",
    ],
    "suggestionsEx": [
      {
        "word": "mistake",
      },
      {
        "word": "mistakes",
      },
      {
        "word": "mistaken",
      },
      {
        "word": "mistaker",
      },
      {
        "word": "mistake's",
      },
    ],
    "text": "mistaks",
  },
]
`;
