// Jest Snapshot v1, https://goo.gl/fbAQLP

exports[`TypeScript Parser parse TypeScript/escape-codes.ts 1`] = `
"filename: TypeScript/escape-codes.ts
parsed:
6-12 \\"places\\" identifier code.ts source.ts
17-26 \\"Amsterdam\\" string.quoted.single.ts code.ts code.ts meta.brace.ts code.ts source.ts
30-40 \\"Orléans\\" string.quoted.single.ts code.ts code.ts meta.brace.ts code.ts source.ts
51-57 \\"sample\\" identifier code.ts source.ts
66-70 \\"text\\" identifier code.ts code.ts meta.brace.ts code.ts source.ts
73-162 \\"Fingerspitzengefühl is a German term.\\\\nIt’s pronounced as follows: [ˈfɪŋɐˌʃpɪtsənɡəˌfyːl]\\" string.quoted.single.ts code.ts code.ts meta.brace.ts code.ts source.ts
169-172 \\"hex\\" identifier code.ts code.ts meta.brace.ts code.ts source.ts
175-557 \\"Fingerspitzengefühl is a German term.\\\\nIt’s pronounced as follows: [ˈfɪŋɐˌʃpɪtsənɡəˌfyːl]\\" string.quoted.single.ts code.ts code.ts meta.brace.ts code.ts source.ts
564-569 \\"mixed\\" identifier code.ts code.ts meta.brace.ts code.ts source.ts
572-731 \\"Fingerspitzengefühl is a German term.\\\\nIt’s pronounced as follows: [ˈfɪŋɐˌʃpɪtsənɡəˌfyːl]\\" string.quoted.single.ts code.ts code.ts meta.brace.ts code.ts source.ts
745-749 \\".log\\" identifier code.ts source.ts
750-756 \\"places\\" identifier code.ts code.ts meta.brace.ts code.ts source.ts
766-770 \\".log\\" identifier code.ts source.ts
772-774 \\"%o\\" string.quoted.single.ts code.ts code.ts meta.brace.ts code.ts source.ts
777-783 \\"sample\\" identifier code.ts code.ts meta.brace.ts code.ts source.ts
"
`;

exports[`TypeScript Parser parse TypeScript/sample1.ts 1`] = `
"filename: TypeScript/sample1.ts
parsed:
3-4 \\"\\\\n\\" comment.block.documentation.ts code.ts source.ts
4-32 \\" * This is some sample code\\\\n\\" comment.block.documentation.ts code.ts source.ts
32-33 \\" \\" comment.block.documentation.ts code.ts source.ts
50-60 \\"regExpPath\\" identifier code.ts source.ts
64-65 \\"(\\" regexp.ts code.ts source.ts
65-67 \\"\\\\\\\\w\\" escape.regexp.ts regexp.ts code.ts source.ts
67-68 \\"+\\" regexp.ts code.ts source.ts
68-70 \\"\\\\\\\\/\\" escape.regexp.ts regexp.ts code.ts source.ts
70-72 \\")+\\" regexp.ts code.ts source.ts
89-100 \\"regExpPath2\\" identifier code.ts source.ts
104-105 \\"(\\" regexp.ts code.ts source.ts
105-107 \\"\\\\\\\\w\\" escape.regexp.ts regexp.ts code.ts source.ts
107-108 \\"+\\" regexp.ts code.ts source.ts
108-109 \\"[\\" brace.regexp.ts regexp.ts code.ts source.ts
109-110 \\"/\\" character-class.regexp.ts brace.regexp.ts regexp.ts code.ts source.ts
110-112 \\"\\\\\\\\\\\\\\\\\\" escape.regexp.ts character-class.regexp.ts brace.regexp.ts regexp.ts code.ts source.ts
112-113 \\"]\\" brace.regexp.ts regexp.ts code.ts source.ts
113-115 \\")+\\" regexp.ts code.ts source.ts
133-140 \\"comment\\" identifier code.ts source.ts
144-168 \\"This is a comment string\\" string.quoted.single.ts code.ts source.ts
"
`;
