// Vitest Snapshot v1

exports[`Pipe Sync API > pipe api 1`] = `
[
  "opAppend",
  "opCombine",
  "opConcatMap",
  "opFilter",
  "opFirst",
  "opFlatten",
  "opJoinStrings",
  "opLast",
  "opMap",
  "opReduce",
  "opSkip",
  "opTake",
  "opTap",
  "opUnique",
  "pipe",
  "pipeSync",
  "reduce",
  "toArray",
]
`;
