// Vitest Snapshot v1, https://vitest.dev/guide/snapshot.html

exports[`affToDictInfo > parseAffFile 1`] = `
{
  "accents": "̀-̧̃̈",
  "alphabet": "A-Za-zÀÁÂÃÇÉÊÍÓÔÕÚÜàáâãçéêíóôõúü",
  "locale": "pt-br",
  "suggestionEditCosts": [
    {
      "description": "Capitalization change.",
      "map": "Aa|Bb|Cc|Dd|Ee|Ff",
      "replace": 1,
    },
    {
      "description": "Capitalization change.",
      "map": "Gg|Hh|Ii|Jj|Kk|Ll",
      "replace": 1,
    },
    {
      "description": "Capitalization change.",
      "map": "Mm|Nn|Oo|Pp|Qq|Rr",
      "replace": 1,
    },
    {
      "description": "Capitalization change.",
      "map": "Ss|Tt|Uu|Vv|Ww|Xx",
      "replace": 1,
    },
    {
      "description": "Capitalization change.",
      "map": "Yy|Zz|Àà|Áá|Ââ|Ãã",
      "replace": 1,
    },
    {
      "description": "Capitalization change.",
      "map": "Çç|Éé|Êê|Íí|Óó|Ôô",
      "replace": 1,
    },
    {
      "description": "Capitalization change.",
      "map": "Õõ|Úú|Üü",
      "replace": 1,
    },
    {
      "description": "Replace Accents",
      "map": "AÀÁÂÃ|CÇ|EÉÊ|IÍ|OÓÔÕ|UÚÜ",
      "replace": 1,
    },
    {
      "description": "Replace Accents",
      "map": "aàáâã|cç|eéê|ií|oóôõ|uúü",
      "replace": 1,
    },
    {
      "description": "Capitalization and Accent change.",
      "map": "AaÀÁÂÃàáâã|CcÇç|EeÉÊéê|IiÍí|OoÓÔÕóôõ|UuÚÜúü",
      "replace": 2,
    },
    {
      "description": "Hunspell Aff Map",
      "map": "aáãâAÁÃÂ|cçCÇ|eéêEÉÊ|iíIÍ|oóõôOÓÕÔ|uúüUÚÜ",
      "replace": 1,
    },
    {
      "description": "Hunspell Replace Map",
      "map": "(-a-)(_a_)|(-chuvas)(s-chuvas)|(-com-)(_com_)|(-da-)(_da_)|(-de-)(_de_)|(-l)l",
      "replace": 75,
    },
    {
      "description": "Hunspell Replace Map",
      "map": "(-la-)(la)|(-las-)(las)|(-lhe-)(lhe)|(-lhes-)(lhes)|(-lo-)(lo)|(-los-)(los)",
      "replace": 75,
    },
    {
      "description": "Hunspell Replace Map",
      "map": "(-me-)(me)|(-nos-)(nos)|(-papéis)(s-papel)|(-se-)(se)|(-te-)(te)|(-vos-)(vos)",
      "replace": 75,
    },
    {
      "description": "Hunspell Replace Map",
      "map": "(Cambojano)(Khmer)|(Cuanhama)(Kwanyama)|(Kuwait)(Quait)|(acc)(hak)|(ackup)(ecape)|(ad)(izad)",
      "replace": 75,
    },
    {
      "description": "Hunspell Replace Map",
      "map": "(ada)(ável)|(adas)(áveis)|(ado)(ável)|(ados)(áveis)|(agu)(águ)|(ainers)(êineres)",
      "replace": 75,
    },
    {
      "description": "Hunspell Replace Map",
      "map": "(ala)(á-la)|(ala)(á-las)|(alh)(áli)|(all)(ol)|(alo)(á-lo)|(alos)(á-los)",
      "replace": 75,
    },
    {
      "description": "Hunspell Replace Map",
      "map": "(am)(an)|(am)(ão)|(am)ã|(an)ã|(ao)(ão)|(aqu)(áqu)",
      "replace": 75,
    },
    {
      "description": "Hunspell Replace Map",
      "map": "(ara)(ára-)|(ars)(raç)|(athlon)(átlon)|(audio)(áudio-)|(ayout)(eiaute)|(az)(ás)",
      "replace": 75,
    },
    {
      "description": "Hunspell Replace Map",
      "map": "(azinh)(inh)|(bakup)(becape)|(bilidade)(lidade)|(boy)(bói)|(bstâ)(bta)|(bstâ)(btâ)",
      "replace": 75,
    },
    {
      "description": "Hunspell Replace Map",
      "map": "(ca)(ka)|(cao)(ção)|(ce)(sse)|(celofa)(selofo)|(ch)(sh)|(ch)x",
      "replace": 75,
    },
    {
      "description": "Hunspell Replace Map",
      "map": "(che)(sh)|(chi)(qui)|(ci)(ssi)|(cie)(sciê)|(cinss)(sinc)|(ck)(que)",
      "replace": 75,
    },
    {
      "description": "Hunspell Replace Map",
      "map": "(co)(ko)|(cs)x|(cu)(ku)|(cá)(ká)|(cão)(ção)|(cç)x",
      "replace": 75,
    },
    {
      "description": "Hunspell Replace Map",
      "map": "(cõ)(çõ)|(defissio)(difícil)|(des)(dis)|(difissi)(difíci)|(difissio)(difícil)|(e_)é",
      "replace": 75,
    },
    {
      "description": "Hunspell Replace Map",
      "map": "(ebam)(ibã)|(eban)(ibã)|(ebã)(ibã)|(eem)(êm)|(ei)(éi)|(el)(éis)",
      "replace": 75,
    },
    {
      "description": "Hunspell Replace Map",
      "map": "(elh)(éli)|(em)(en)|(empecilh)(impecíli)|(ensi)(ênci)|(env)v|(eoro)(ereo)",
      "replace": 75,
    },
    {
      "description": "Hunspell Replace Map",
      "map": "(ept)(épit)|(erug)(irurg)|(es)(ex)|(es)(ez)|(escân)(scann)|(escâneres)(scaners)",
      "replace": 75,
    },
    {
      "description": "Hunspell Replace Map",
      "map": "(escâneres)(scanners)|(esqueite)(skat)|(esqueiti)(skati)|(estú)(stu)|(ez)(és)|(ez)(ês)",
      "replace": 75,
    },
    {
      "description": "Hunspell Replace Map",
      "map": "(ezinh)(inh)|(ffice)(ffice.org)|(gcoc)(guecoque)|(ge)(je)|(gem)(mento)|(gen)(mento)",
      "replace": 75,
    },
    {
      "description": "Hunspell Replace Map",
      "map": "(gi)(ji)|(gi)j|(gkok)(guecoque)|(gs)(gues)|(gê)(jê)|(gí)(jí)",
      "replace": 75,
    },
    {
      "description": "Hunspell Replace Map",
      "map": "(hkek)(queque)|(ida)(ível)|(idas)(íveis)|(ido)(ível)|(idos)(íveis)|(ifem)(ífen)",
      "replace": 75,
    },
    {
      "description": "Hunspell Replace Map",
      "map": "(ilh)(íli)|(ilzinh)(inh)|(im)(in)|(in)(nhe)|(in)(nhi)|(in)(não-)",
      "replace": 75,
    },
    {
      "description": "Hunspell Replace Map",
      "map": "(in)(não_)|(inh)(ozinh)|(ionguiangue)(yongyang)|(iquiavique)(ykjavík)|(ir)(não-)|(ji)(jing)",
      "replace": 75,
    },
    {
      "description": "Hunspell Replace Map",
      "map": "(ke)(que)|(ki)(qui)|(kiwi)(quiuí)|(kê)(quê)|(l_G)(lg)|(leb)(reb)",
      "replace": 75,
    },
    {
      "description": "Hunspell Replace Map",
      "map": "(lh)(li)|(ls)(lç)|(ls)(uç)|(lç)(uç)|(m_)n|(mento)(ção)",
      "replace": 75,
    },
    {
      "description": "Hunspell Replace Map",
      "map": "(mento)(çõe)|(o-eletrô)(oeletro)|(o_)ó|(obr)(robl)|(ografista)(ógrafo)|(oi)(ói)",
      "replace": 75,
    },
    {
      "description": "Hunspell Replace Map",
      "map": "(oky)(óqui)|(olh)(óli)|(ologista)(ólogo)|(om)(on)|(oss)(ós-s)|(paraq)(pára-q)",
      "replace": 75,
    },
    {
      "description": "Hunspell Replace Map",
      "map": "(perco)(perdo)|(ping)(pingue-pongue)|(ping-pong)(pingue-pongue)|(pingue-pongue)(pong)|(pre)(pré-)|(qs)(ques)",
      "replace": 75,
    },
    {
      "description": "Hunspell Replace Map",
      "map": "(quinque)(quinquê)|(quinque)(quinqüe)|(quinque)(qüinque)|(quinqui)(quinquí)|(quinqui)(quinqüi)|(quinqui)(qüinqui)",
      "replace": 75,
    },
    {
      "description": "Hunspell Replace Map",
      "map": "(quinquê)(quinquê)|(quinquê)(quinqüe)|(quinquê)(quinqüê)|(quinquê)(qüinque)|(quinquê)(qüinquê)|(quinquí)(quinquí)",
      "replace": 75,
    },
    {
      "description": "Hunspell Replace Map",
      "map": "(quinquí)(quinqüi)|(quinquí)(quinqüí)|(quinquí)(qüinqui)|(quinquí)(qüinquí)|(r-de)(res-de)|(r-lhe-ia)(ria-lhe)",
      "replace": 75,
    },
    {
      "description": "Hunspell Replace Map",
      "map": "(r-lhe-iam)(riam-lhe)|(r-lhes-ia)(ria-lhes)|(r-lhes-iam)(riam-lhes)|(r-me-ia)(ria-me)|(r-me-iam)(riam-me)|(r-nos-ia)(ria-nos)",
      "replace": 75,
    },
    {
      "description": "Hunspell Replace Map",
      "map": "(r-nos-iam)(riam-nos)|(r-se-ia)(ria-se)|(r-te-ia)(ria-te)|(r-te-iam)(riam-te)|(r-vos-ia)(ria-vos)|(r-vos-iam)(riam-vos)",
      "replace": 75,
    },
    {
      "description": "Hunspell Replace Map",
      "map": "(radio)(rádio-)|(revigoração)(revitalização)|(ridade)(ridão)|(ridade)(ridõe)|(rs)(ss)|(rsa)(rça)",
      "replace": 75,
    },
    {
      "description": "Hunspell Replace Map",
      "map": "(sciê)(sie)|(septec)(septing)|(septic)(septing)|(septing)(setec)|(socio)(sócio-)|(ss)ç",
      "replace": 75,
    },
    {
      "description": "Hunspell Replace Map",
      "map": "(ta)(tiva)|(tativ)(tiv)|(tic-tac)(tique-taque)|(tividade)(tivide)|(uait)(uwait)|(ulh)(úli)",
      "replace": 75,
    },
    {
      "description": "Hunspell Replace Map",
      "map": "(um)(un)|(uê)(üe)|(uê)(üê)|(video)(vídeo-)|(video)(vídeos-)|(vigoração)(vigência)",
      "replace": 75,
    },
    {
      "description": "Hunspell Replace Map",
      "map": "(zavil)(zzavill)|(âm)(ân)|(ãe)(ão)|(ãe)(õe)|(ão)(õe)|(ém)(én)",
      "replace": 75,
    },
    {
      "description": "Hunspell Replace Map",
      "map": "(êm)(ên)|(ím)(ín)|(óm)(ón)|(ôm)(ôn)|(úm)(ún)|-(s-)",
      "replace": 75,
    },
    {
      "description": "Hunspell Replace Map",
      "map": "-_|-r|-s|a(a-)|a(a-h)|a(a_)",
      "replace": 75,
    },
    {
      "description": "Hunspell Replace Map",
      "map": "aá|aâ|aã|b(b-)|c(cc)|c(qu)",
      "replace": 75,
    },
    {
      "description": "Hunspell Replace Map",
      "map": "c(sc)|cs|cç|e(e-)|e(e-h)|e(e_)",
      "replace": 75,
    },
    {
      "description": "Hunspell Replace Map",
      "map": "e(é-)|eé|eê|f(f.)|f(ph)|g(gu)",
      "replace": 75,
    },
    {
      "description": "Hunspell Replace Map",
      "map": "g(gue)|gj|i(i-)|i(i-h)|i(i_)|ií",
      "replace": 75,
    },
    {
      "description": "Hunspell Replace Map",
      "map": "l(l-)|l(l_)|lu|m(m-)|m(m_)|n(n-)",
      "replace": 75,
    },
    {
      "description": "Hunspell Replace Map",
      "map": "o(o-)|o(o-h)|o(o_)|o(ó-)|oó|oô",
      "replace": 75,
    },
    {
      "description": "Hunspell Replace Map",
      "map": "oõ|q(que)|r(r-)|r(r_)|r(rr)|s(s-)",
      "replace": 75,
    },
    {
      "description": "Hunspell Replace Map",
      "map": "s(s.)|s(s_)|sz|sç|u(u-)|u(u_)",
      "replace": 75,
    },
    {
      "description": "Hunspell Replace Map",
      "map": "uú|v(v.)|x(x.)|x(x_)|z(z-)|z(z_)",
      "replace": 75,
    },
    {
      "description": "Hunspell Replace Map",
      "map": "á(á-)|á(á_)|âã|ã(ã-)|ã(ã_)|é(é-)",
      "replace": 75,
    },
    {
      "description": "Hunspell Replace Map",
      "map": "é(é-h)|é(é_)|éê|ê(ê-)|ê(ê_)|í(í-)",
      "replace": 75,
    },
    {
      "description": "Hunspell Replace Map",
      "map": "í(í_)|ó(ó-)|ó(ó-h)|ó(ó_)|óô|ô(ô-)",
      "replace": 75,
    },
    {
      "description": "Hunspell Replace Map",
      "map": "ô(ô_)|ú(ú_)",
      "replace": 75,
    },
  ],
}
`;
