// Jest Snapshot v1, https://goo.gl/fbAQLP

exports[`HunspellReader read dictionaries reads words with info from "Portuguese (Brazilian)" 1`] = `
Array [
  "ab-reagindo-me",
  "ab-reagindo-nos",
  "ab-reagindo-o",
  "ab-reagindo-os",
  "ab-reagindo-se",
  "ab-reagindo-se-lhe",
  "ab-reagindo-se-lhes",
  "ab-reagindo-te",
  "ab-reagindo-vos",
  "ab-reagir",
  "ab-reagir-lhe",
  "ab-reagir-lhe-ei",
  "ab-reagir-lhe-emos",
  "ab-reagir-lhe-ia",
  "ab-reagir-lhe-iam",
  "ab-reagir-lhe-á",
  "ab-reagir-lhe-ão",
  "ab-reagir-lhes",
  "ab-reagir-lhes-ei",
  "ab-reagir-lhes-emos",
  "ab-reagir-lhes-ia",
  "ab-reagir-lhes-iam",
  "ab-reagir-lhes-á",
  "ab-reagir-lhes-ão",
  "ab-reagir-me",
  "ab-reagir-me-ei",
  "ab-reagir-me-ia",
  "ab-reagir-me-iam",
  "ab-reagir-me-á",
  "ab-reagir-me-ão",
  "ab-reagir-nos",
  "ab-reagir-nos-ei",
  "ab-reagir-nos-emos",
  "ab-reagir-nos-ia",
  "ab-reagir-nos-iam",
  "ab-reagir-nos-á",
  "ab-reagir-nos-ão",
  "ab-reagir-se",
  "ab-reagir-se-ei",
  "ab-reagir-se-ia",
  "ab-reagir-se-iam",
  "ab-reagir-se-lhe",
  "ab-reagir-se-lhe-á",
  "ab-reagir-se-lhes",
  "ab-reagir-se-lhes-ão",
  "ab-reagir-se-á",
  "ab-reagir-se-ão",
  "ab-reagir-te",
  "ab-reagir-te-ei",
  "ab-reagir-te-emos",
  "ab-reagir-te-ia",
  "ab-reagir-te-iam",
  "ab-reagir-te-á",
  "ab-reagir-te-ão",
  "ab-reagir-vos",
  "ab-reagir-vos-ei",
  "ab-reagir-vos-emos",
  "ab-reagir-vos-ia",
  "ab-reagir-vos-iam",
  "ab-reagir-vos-á",
  "ab-reagir-vos-ão",
  "ab-reagira",
  "ab-reagira-a",
  "ab-reagira-as",
  "ab-reagira-lhe",
  "ab-reagira-lhes",
  "ab-reagira-me",
  "ab-reagira-nos",
  "ab-reagira-o",
  "ab-reagira-os",
  "ab-reagira-se",
  "ab-reagira-te",
  "ab-reagira-vos",
  "ab-reagiram",
  "ab-reagiram-lhe",
  "ab-reagiram-lhes",
  "ab-reagiram-me",
  "ab-reagiram-na",
  "ab-reagiram-nas",
  "ab-reagiram-no",
  "ab-reagiram-nos",
  "ab-reagiram-se",
  "ab-reagiram-te",
  "ab-reagiram-vos",
  "ab-reagiras",
  "ab-reagirdes",
  "ab-reagirei",
  "ab-reagireis",
  "ab-reagirem",
  "ab-reagirem-lhe",
  "ab-reagirem-lhes",
  "ab-reagirem-me",
  "ab-reagirem-na",
  "ab-reagirem-nas",
  "ab-reagirem-no",
  "ab-reagirem-nos",
  "ab-reagirem-se",
  "ab-reagirem-te",
  "ab-reagirem-vos",
  "ab-reagiremos",
  "ab-reagires",
  "ab-reagiria",
  "ab-reagiriam",
  "ab-reagirias",
  "ab-reagirmo-nos",
  "ab-reagirmo-vos",
  "ab-reagirmos",
  "ab-reagirmos-lhe",
  "ab-reagirmos-lhes",
  "ab-reagirmos-te",
  "ab-reagirá",
  "ab-reagirás",
  "ab-reagirão",
  "ab-reagiríamo-nos",
  "ab-reagiríamo-vos",
  "ab-reagiríamos",
  "ab-reagiríamos-lhe",
  "ab-reagiríamos-lhes",
  "ab-reagiríamos-te",
  "ab-reagiríeis",
  "ab-reagis",
  "ab-reagisse",
  "ab-reagisse-a",
  "ab-reagisse-as",
  "ab-reagisse-lhe",
  "ab-reagisse-lhes",
  "ab-reagisse-me",
  "ab-reagisse-nos",
  "ab-reagisse-o",
  "ab-reagisse-os",
  "ab-reagisse-se",
  "ab-reagisse-te",
  "ab-reagisse-vos",
  "ab-reagissem",
  "ab-reagissem-lhe",
  "ab-reagissem-lhes",
  "ab-reagissem-me",
  "ab-reagissem-na",
  "ab-reagissem-nas",
  "ab-reagissem-no",
  "ab-reagissem-nos",
  "ab-reagissem-te",
  "ab-reagissem-vos",
  "ab-reagisses",
  "ab-reagiste",
  "ab-reagiste-a",
  "ab-reagiste-as",
  "ab-reagiste-lhe",
  "ab-reagiste-lhes",
  "ab-reagiste-me",
  "ab-reagiste-nos",
  "ab-reagiste-o",
  "ab-reagiste-os",
  "ab-reagiste-se",
  "ab-reagiste-te",
  "ab-reagiste-vos",
  "ab-reagistes",
  "ab-reagiu",
  "ab-reagiu-a",
  "ab-reagiu-as",
  "ab-reagiu-lhe",
  "ab-reagiu-lhes",
  "ab-reagiu-me",
  "ab-reagiu-nos",
  "ab-reagiu-o",
  "ab-reagiu-os",
  "ab-reagiu-se",
  "ab-reagiu-te",
  "ab-reagiu-vos",
  "ab-reagíamo-nos",
  "ab-reagíamo-vos",
  "ab-reagíamos",
  "ab-reagíamos-lhe",
  "ab-reagíamos-lhes",
  "ab-reagíamos-te",
  "ab-reagíeis",
  "ab-reagíramos",
  "ab-reagíreis",
  "ab-reagísseis",
  "ab-reagíssemos",
  "ab-reaja",
  "ab-reaja-a",
  "ab-reaja-as",
  "ab-reaja-lhe",
  "ab-reaja-lhes",
  "ab-reaja-me",
  "ab-reaja-nos",
  "ab-reaja-o",
  "ab-reaja-os",
  "ab-reaja-se",
  "ab-reaja-te",
  "ab-reaja-vos",
  "ab-reajais",
  "ab-reajam",
  "ab-reajam-lhe",
  "ab-reajam-lhes",
  "ab-reajam-me",
  "ab-reajam-na",
  "ab-reajam-nas",
  "ab-reajam-no",
]
`;

exports[`HunspellReader read dictionaries reads words with info from "da_DK" 1`] = `
Array [
  "Abdelkader",
  "Abdelkaders",
  "Abdelkarim",
  "Abdelkarims",
  "Abdellah",
  "Abdellahs",
  "Abdellatif",
  "Abdellatifs",
  "Abdelqadeem",
  "Abdelqadeems",
  "Abdelshakur",
  "Abdelshakurs",
  "Abderrahmane",
  "Abderrahmanes",
  "Abdeslam",
  "Abdeslams",
  "Abdi",
  "Abdis",
  "Abdiadan",
  "Abdiadans",
  "Abdiaziz",
  "Abdiaziz'",
  "Abdibaari",
  "Abdibaaris",
  "abdicer",
  "abdicere",
  "abdicerede",
  "abdiceredes",
  "abdicerende",
  "abdicerendes",
  "abdicerer",
  "abdiceres",
  "abdiceret",
  "abdicerets",
  "-abdicering",
  "-abdiceringen",
  "-abdiceringens",
  "-abdiceringer",
  "-abdiceringerne",
  "-abdiceringernes",
  "-abdiceringers",
  "-abdicerings",
  "abdicering",
  "abdiceringen",
  "abdiceringens",
  "abdiceringer",
  "abdiceringerne",
  "abdiceringernes",
  "abdiceringers",
  "abdicerings",
  "Abdifatah",
  "Abdifatahs",
  "Abdighani",
  "Abdighanis",
  "Abdihakin",
  "Abdihakins",
  "Abdikarim",
  "Abdikarims",
  "abdikation",
  "abdikationen",
  "abdikationens",
  "abdikationer",
  "abdikationerne",
  "abdikationernes",
  "abdikationers",
  "abdikations",
  "Abdikhaliq",
  "Abdikhaliqs",
  "Abdikheyr",
  "Abdikheyrs",
  "Abdillahi",
  "Abdillahis",
  "Abdimalik",
  "Abdimaliks",
  "Abdinasir",
  "Abdinasirs",
  "Abdiqafar",
  "Abdiqafars",
  "Abdiqani",
  "Abdiqanis",
  "Abdirahman",
  "Abdirahmans",
  "Abdirashid",
  "Abdirashids",
  "Abdirazaaq",
  "Abdirazaaqs",
  "Abdirisak",
  "Abdirisaks",
  "Abdirizak",
  "Abdirizaks",
  "Abdisalan",
  "Abdisalans",
  "Abdiwali",
  "Abdiwalis",
  "Abdol",
  "Abdols",
  "Abdollah",
  "Abdollahs",
  "-abdomen",
  "-abdomens",
  "abdomen",
  "abdomens",
  "Abdoulkader",
  "Abdoulkaders",
  "abducer",
  "abducere",
  "abducerede",
  "abduceredes",
  "abducerende",
  "abducerendes",
  "abducerer",
  "abduceres",
  "abduceret",
  "abducerets",
  "abduktion",
  "abduktionen",
  "abduktionens",
  "abduktions",
  "Abdul",
  "Abduls",
  "Abdulah",
  "Abdulahs",
  "Abdulahi",
  "Abdulahis",
  "Abdulaziz",
  "Abdulaziz'",
  "Abdulbasid",
  "Abdulbasids",
  "Abdulgadir",
  "Abdulgadirs",
  "Abdulkadir",
  "Abdulkadirs",
  "Abdulkarim",
  "Abdulkarims",
  "Abdulkhaliq",
  "Abdulkhaliqs",
  "Abdulla",
  "Abdullas",
  "Abdullah",
  "Abdullahs",
  "Abdullahi",
  "Abdullahis",
  "Abdulle",
  "Abdulles",
  "Abdullaahi",
  "Abdullaahis",
  "Abdulqadir",
  "Abdulqadirs",
  "Abdulrahman",
  "Abdulrahmans",
  "Abdurahman",
  "Abdurahmans",
  "Abdurrahman",
  "Abdurrahmans",
  "-ab",
  "-abe",
  "-abede",
  "-abedes",
  "-abende",
  "-abendes",
  "-aber",
  "-abes",
  "-abet",
  "-abets",
  "ab",
  "abe",
  "abede",
  "abedes",
  "abende",
  "abendes",
  "aber",
  "abes",
  "abet",
  "abets",
  "-abe",
  "-aben",
  "-abens",
  "-abenser",
  "-abenserne",
  "-abensernes",
  "-abensers",
  "-abenset",
  "-abensets",
  "-aber",
  "-aberne",
  "-abernes",
  "-abernes'",
  "-abers",
  "-abes",
  "abe",
  "aben",
  "abens",
  "abenser",
  "abenserne",
  "abensernes",
  "abensers",
  "abenset",
  "abensets",
  "aber",
  "aberne",
]
`;

exports[`HunspellReader read dictionaries reads words with info from "en_US" 1`] = `
Array [
  "Ada's",
  "Adas",
  "Adam",
  "Adam's",
  "Adams",
  "Adams's",
  "Adan",
  "Adan's",
  "Adana",
  "Adana's",
  "Adar",
  "Adar's",
  "Addams",
  "Addams's",
  "Adderley",
  "Adderley's",
  "Addie",
  "Addie's",
  "Addison",
  "Addison's",
  "Adela",
  "Adela's",
  "Adelaide",
  "Adelaide's",
  "Adele",
  "Adele's",
  "Adeline",
  "Adeline's",
  "Aden",
  "Aden's",
  "Adenauer",
  "Adenauer's",
  "Adhara",
  "Adhara's",
  "Adidas",
  "Adidas's",
  "Adirondack",
  "Adirondack's",
  "Adirondacks",
  "Adirondacks's",
  "Adkins",
  "Adkins's",
  "Adler",
  "Adler's",
  "Adm",
  "Admiralty",
  "Adolf",
  "Adolf's",
  "Adolfo",
  "Adolfo's",
  "Adolph",
  "Adolph's",
  "Adonis",
  "Adonis's",
  "Adonises",
  "Adrenalin",
  "Adrenalin's",
  "Adrenalins",
  "Adrian",
  "Adrian's",
  "Adriana",
  "Adriana's",
  "Adriatic",
  "Adriatic's",
  "Adrienne",
  "Adrienne's",
  "Advent",
  "Advent's",
  "Advents",
  "Adventist",
  "Adventist's",
  "Adventists",
  "Advil",
  "Advil's",
  "Aegean",
  "Aegean's",
  "Aelfric",
  "Aelfric's",
  "Aeneas",
  "Aeneas's",
  "Aeneid",
  "Aeneid's",
  "Aeolus",
  "Aeolus's",
  "Aeroflot",
  "Aeroflot's",
  "Aeschylus",
  "Aeschylus's",
  "Aesculapius",
  "Aesculapius's",
  "Aesop",
  "Aesop's",
  "Afghan",
  "Afghan's",
  "Afghans",
  "Afghani",
  "Afghani's",
  "Afghanistan",
  "Afghanistan's",
  "Afr",
  "Africa",
  "Africa's",
  "African",
  "African's",
  "Africans",
  "Afrikaans",
  "Afrikaans's",
  "Afrikaner",
  "Afrikaner's",
  "Afrikaners",
  "Afro",
  "Afro's",
  "Afros",
  "Afrocentric",
  "Afrocentrism",
  "Afrocentrism's",
  "Ag",
  "Ag's",
  "Agamemnon",
  "Agamemnon's",
  "Agana",
  "Agassi",
  "Agassi's",
  "Agassiz",
  "Agassiz's",
  "Agatha",
  "Agatha's",
  "Aggie",
  "Aggie's",
  "Aglaia",
  "Aglaia's",
  "Agnes",
  "Agnes's",
  "Agnew",
  "Agnew's",
  "Agni",
  "Agni's",
  "Agra",
  "Agra's",
  "Agricola",
  "Agricola's",
  "Agrippa",
  "Agrippa's",
  "Agrippina",
  "Agrippina's",
  "Aguascalientes",
  "Aguilar",
  "Aguilar's",
  "Aguinaldo",
  "Aguinaldo's",
  "Aguirre",
  "Aguirre's",
  "Agustin",
  "Agustin's",
  "Ahab",
  "Ahab's",
  "Ahmad",
  "Ahmad's",
  "Ahmadabad",
  "Ahmadabad's",
  "Ahmadinejad",
  "Ahmadinejad's",
  "Ahmed",
  "Ahmed's",
  "Ahriman",
  "Ahriman's",
  "Aida",
  "Aida's",
  "Aiken",
  "Aiken's",
  "Aileen",
  "Aileen's",
  "Aimee",
  "Aimee's",
  "Ainu",
  "Ainu's",
  "Airedale",
  "Airedale's",
  "Airedales",
  "Aires",
  "Aires's",
  "Aisha",
  "Aisha's",
  "Ajax",
  "Ajax's",
  "Akbar",
  "Akbar's",
  "Akhmatova",
  "Akhmatova's",
  "Akihito",
  "Akihito's",
  "Akita",
  "Akita's",
  "Akiva",
  "Akiva's",
  "Akkad",
  "Akkad's",
  "Akron",
  "Akron's",
  "Al",
]
`;

exports[`HunspellReader read dictionaries reads words with info from "nl" 1`] = `
Array [
  "aambeeld",
  "aambeeld-",
  "aambeelden",
  "aambeelden-",
  "aambei",
  "aambei-",
  "aambeien",
  "aambeien-",
  "aamborstig",
  "aamborstige",
  "aamborstigheid",
  "aamborstigheids",
  "aamborstigheids-",
  "aanaard",
  "aanaarding",
  "aanaardingen",
  "aanaardingen-",
  "aanaardings",
  "aanaardings-",
  "aanaardploeg",
  "aanaardploegen",
  "aanaardploegen-",
  "aanbaksel",
  "aanbaksels",
  "aanbeeldsblok",
  "aanbeeldsblokken",
  "aanbeeldsblokken-",
  "aanbeeld",
  "aanbeelden",
  "aanbeelden-",
  "aanbelang",
  "aanbelangen",
  "aanbelangen-",
  "aanberming",
  "aanbermingen",
  "aanbermingen-",
  "aanbermings",
  "aanbermings-",
  "aanbesteder",
  "aanbesteders",
  "aanbesteding",
  "aanbestedingen",
  "aanbestedingen-",
  "aanbestedings",
  "aanbestedings-",
  "aanbetaling",
  "aanbetalingen",
  "aanbetalingen-",
  "aanbetalings",
  "aanbetalings-",
  "aanbevelenswaardig",
  "aanbevelenswaardige",
  "aanbevelenswaardiger",
  "aanbeveling",
  "aanbevelingen",
  "aanbevelingen-",
  "aanbevelings",
  "aanbevelings-",
  "aanbevolenen",
  "aanbiddelijk",
  "aanbiddelijke",
  "aanbiddelijker",
  "aanbiddelijkst",
  "aanbiddelijkste",
  "alleraanbiddelijkst",
  "alleraanbiddelijkste",
  "aanbidder",
  "aanbidders",
  "aanbidding",
  "aanbiddingen",
  "aanbiddingen-",
  "aanbiddings",
  "aanbiddings-",
  "aanbidster",
  "aanbidsters",
  "aanbied",
  "aanbied-",
  "aanbieder",
  "aanbieders",
  "aanbieders-",
  "aanbieding",
  "aanbiedingen",
  "aanbiedingen-",
  "aanbiedings",
  "aanbiedings-",
  "aanblazing",
  "aanblazingen",
  "aanblazingen-",
  "aanbod",
  "aanbod-",
  "aanbodgericht",
  "aanbodgerichte",
  "aanbouwing",
  "aanbouwingen",
  "aanbouwingen-",
  "aanbouwsel",
  "aanbouwsels",
  "aanbreng",
  "aanbreng-",
  "aanbrenger",
  "aanbrengers",
  "aanbrengst",
  "aanbrengsten",
  "aanbrengsten-",
  "aanbrug",
  "aanbruggen",
  "aanbruggen-",
  "aandacht",
  "aandacht-",
  "aandachts",
  "aandachts-",
  "aandachtig",
  "aandachtige",
  "aandachtiger",
  "aandachtigere",
  "aandachtigst",
  "aandachtigste",
  "alleraandachtigst",
  "alleraandachtigste",
  "aandachtigheid",
  "aandachtstreep",
  "aandachtstreepje",
  "aandachtstreepjes",
  "aandachtstreepjes-",
  "aandachtstrepen",
  "aandachtstrepen-",
  "aandachttrekker",
  "aandachttrekkers",
  "aandaken",
  "aandeel",
  "aandeel-",
  "aandeeltje",
  "aandeeltjes",
  "aandeeltjes-",
  "aandelen",
  "aandelen-",
  "aandeelhoudend",
  "aandeelhoudende",
  "aandenken",
  "aandenkens",
  "Aandewiel",
  "Aandewiels",
  "aandien",
  "aandijking",
  "aandijkingen",
  "aandijkingen-",
  "aandijkings",
  "aandijkings-",
  "aandoening",
  "aandoeningen",
  "aandoeningen-",
  "aandoenings",
  "aandoenings-",
  "aandoenlijk",
  "aandoenlijke",
  "aandoenlijker",
  "aandoenlijks",
  "aandoenlijkst",
  "aandoenlijkste",
  "alleraandoenlijkst",
  "alleraandoenlijkste",
  "aandoenlijkheid",
  "aandraag",
  "aandraag-",
  "aandrager",
  "aandragers",
  "aandrang",
  "aandrang-",
  "aandrift",
  "aandrift-",
  "aandriften",
  "aandriften-",
  "aandrijfas",
  "aandrijfas-",
  "aandrijfassen",
  "aandrijfassen-",
  "aandrijf",
  "aandrijf-",
  "aandrijver",
  "aandrijvers",
  "aandrijving",
  "aandrijvingen",
  "aandrijvingen-",
  "aandrijvings",
  "aandrijvings-",
  "aandringer",
  "aandringers",
  "aandring",
  "aandringen",
  "aandringen-",
  "aandruk",
  "aandruk-",
  "aandrukrol",
  "aandrukrollen",
  "aandrukrollen-",
  "aandrukrolletje",
  "aandrukrolletjes",
  "aandrukrolletjes-",
  "aanduiding",
  "aanduidingen",
]
`;
