// Vitest Snapshot v1, https://vitest.dev/guide/snapshot.html

exports[`index > index methods exist 1`] = `
[
  "requireResolve",
  "resolveGlobal",
]
`;
