// Jest Snapshot v1, https://goo.gl/fbAQLP

exports[`compile compile 1`] = `
"
# cspell-tools: keep-case no-split

London
Los Angeles
Mexico City
New Amsterdam
New Delhi
New York
Paris
San Francisco
~london
~los angeles
~mexico city
~new amsterdam
~new delhi
~new york
~paris
~san francisco
"
`;

exports[`compile compile 2`] = `
"
# cspell-tools: keep-case no-split

London
Los Angeles
Mexico City
New Amsterdam
New Delhi
New York
Paris
San Francisco
~london
~los angeles
~mexico city
~new amsterdam
~new delhi
~new york
~paris
~san francisco
"
`;
